Archive member included because of file (symbol)

/home/texzk/ChibiStudio/tools/GNU Tools ARM Embedded/4.6 2012q2/bin/../lib/gcc/arm-none-eabi/4.6.2/../../../../arm-none-eabi/lib/armv7-m/libc.a(lib_a-memcpy.o)
                              build/obj/mac_lld.o (memcpy)
/home/texzk/ChibiStudio/tools/GNU Tools ARM Embedded/4.6 2012q2/bin/../lib/gcc/arm-none-eabi/4.6.2/../../../../arm-none-eabi/lib/armv7-m/libc.a(lib_a-memset.o)
                              build/obj/mem.o (memset)
/home/texzk/ChibiStudio/tools/GNU Tools ARM Embedded/4.6 2012q2/bin/../lib/gcc/arm-none-eabi/4.6.2/../../../../arm-none-eabi/lib/armv7-m/libc.a(lib_a-strlen.o)
                              build/obj/pbuf.o (strlen)

Discarded input sections

 .text          0x00000000        0x0 build/obj/crt0.o
 .data          0x00000000        0x0 build/obj/crt0.o
 .bss           0x00000000        0x0 build/obj/crt0.o
 .text.__early_init
                0x00000000       0x10 build/obj/crt0.o
 .text          0x00000000        0x0 build/obj/vectors.o
 .data          0x00000000        0x0 build/obj/vectors.o
 .bss           0x00000000        0x0 build/obj/vectors.o
 .text          0x00000000        0x0 build/obj/chcore.o
 .data          0x00000000        0x0 build/obj/chcore.o
 .bss           0x00000000        0x0 build/obj/chcore.o
 .text          0x00000000        0x0 build/obj/chcore_v7m.o
 .data          0x00000000        0x0 build/obj/chcore_v7m.o
 .bss           0x00000000        0x0 build/obj/chcore_v7m.o
 .text          0x00000000        0x0 build/obj/nvic.o
 .data          0x00000000        0x0 build/obj/nvic.o
 .bss           0x00000000        0x0 build/obj/nvic.o
 .text.nvicDisableVector
                0x00000000       0x80 build/obj/nvic.o
 .text          0x00000000        0x0 build/obj/chsys.o
 .data          0x00000000        0x0 build/obj/chsys.o
 .bss           0x00000000        0x0 build/obj/chsys.o
 .text          0x00000000        0x0 build/obj/chdebug.o
 .data          0x00000000        0x0 build/obj/chdebug.o
 .bss           0x00000000        0x0 build/obj/chdebug.o
 .text.dbg_check_disable
                0x00000000       0x30 build/obj/chdebug.o
 .text.dbg_check_suspend
                0x00000000       0x30 build/obj/chdebug.o
 .text          0x00000000        0x0 build/obj/chlists.o
 .data          0x00000000        0x0 build/obj/chlists.o
 .bss           0x00000000        0x0 build/obj/chlists.o
 .text          0x00000000        0x0 build/obj/chvt.o
 .data          0x00000000        0x0 build/obj/chvt.o
 .bss           0x00000000        0x0 build/obj/chvt.o
 .text.chTimeIsWithin
                0x00000000       0x60 build/obj/chvt.o
 .text          0x00000000        0x0 build/obj/chschd.o
 .data          0x00000000        0x0 build/obj/chschd.o
 .bss           0x00000000        0x0 build/obj/chschd.o
 .text          0x00000000        0x0 build/obj/chthreads.o
 .data          0x00000000        0x0 build/obj/chthreads.o
 .bss           0x00000000        0x0 build/obj/chthreads.o
 .text.list_insert
                0x00000000       0x20 build/obj/chthreads.o
 .text.chThdResume
                0x00000000       0x50 build/obj/chthreads.o
 .text.chThdTerminate
                0x00000000       0x40 build/obj/chthreads.o
 .text.chThdSleepUntil
                0x00000000       0x50 build/obj/chthreads.o
 .text.chThdYield
                0x00000000       0x40 build/obj/chthreads.o
 .text.chThdWait
                0x00000000       0xa0 build/obj/chthreads.o
 .text          0x00000000        0x0 build/obj/chdynamic.o
 .data          0x00000000        0x0 build/obj/chdynamic.o
 .bss           0x00000000        0x0 build/obj/chdynamic.o
 .rodata        0x00000000       0x48 build/obj/chdynamic.o
 .text.chThdAddRef
                0x00000000       0x50 build/obj/chdynamic.o
 .text.chThdRelease
                0x00000000       0xc0 build/obj/chdynamic.o
 .text.chThdCreateFromHeap
                0x00000000       0x70 build/obj/chdynamic.o
 .text.chThdCreateFromMemoryPool
                0x00000000       0x90 build/obj/chdynamic.o
 .text          0x00000000        0x0 build/obj/chregistry.o
 .data          0x00000000        0x0 build/obj/chregistry.o
 .bss           0x00000000        0x0 build/obj/chregistry.o
 .rodata.ch_root
                0x00000000       0x18 build/obj/chregistry.o
 .text.chRegFirstThread
                0x00000000       0x50 build/obj/chregistry.o
 .rodata        0x00000000       0x18 build/obj/chregistry.o
 .text.chRegNextThread
                0x00000000       0x70 build/obj/chregistry.o
 .text          0x00000000        0x0 build/obj/chsem.o
 .data          0x00000000        0x0 build/obj/chsem.o
 .bss           0x00000000        0x0 build/obj/chsem.o
 .text.chSemReset
                0x00000000       0x30 build/obj/chsem.o
 .text.chSemWait
                0x00000000       0x30 build/obj/chsem.o
 .text.chSemWaitS
                0x00000000       0xb0 build/obj/chsem.o
 .text.chSemWaitTimeout
[...]
Memory Configuration

Name             Origin             Length             Attributes
flash            0x08000000         0x00100000
ram              0x20000000         0x0001c000
ethram           0x2001c000         0x00004000
*default*        0x00000000         0xffffffff

Linker script and memory map

LOAD build/obj/crt0.o
LOAD build/obj/vectors.o
LOAD build/obj/chcore.o
LOAD build/obj/chcore_v7m.o
LOAD build/obj/nvic.o
LOAD build/obj/chsys.o
LOAD build/obj/chdebug.o
LOAD build/obj/chlists.o
LOAD build/obj/chvt.o
LOAD build/obj/chschd.o
LOAD build/obj/chthreads.o
LOAD build/obj/chdynamic.o
LOAD build/obj/chregistry.o
LOAD build/obj/chsem.o
LOAD build/obj/chmtx.o
LOAD build/obj/chcond.o
LOAD build/obj/chevents.o
LOAD build/obj/chmsg.o
LOAD build/obj/chmboxes.o
LOAD build/obj/chqueues.o
LOAD build/obj/chmemcore.o
LOAD build/obj/chheap.o
LOAD build/obj/chmempools.o
LOAD build/obj/test.o
LOAD build/obj/testthd.o
LOAD build/obj/testsem.o
LOAD build/obj/testmtx.o
LOAD build/obj/testmsg.o
LOAD build/obj/testmbox.o
LOAD build/obj/testevt.o
LOAD build/obj/testheap.o
LOAD build/obj/testpools.o
LOAD build/obj/testdyn.o
LOAD build/obj/testqueues.o
LOAD build/obj/testbmk.o
LOAD build/obj/hal.o
LOAD build/obj/adc.o
LOAD build/obj/can.o
LOAD build/obj/ext.o
LOAD build/obj/gpt.o
LOAD build/obj/i2c.o
LOAD build/obj/icu.o
LOAD build/obj/mac.o
LOAD build/obj/mmc_spi.o
LOAD build/obj/mmcsd.o
LOAD build/obj/pal.o
LOAD build/obj/pwm.o
LOAD build/obj/rtc.o
LOAD build/obj/sdc.o
LOAD build/obj/serial.o
LOAD build/obj/serial_usb.o
LOAD build/obj/spi.o
LOAD build/obj/tm.o
LOAD build/obj/uart.o
LOAD build/obj/usb.o
LOAD build/obj/stm32_dma.o
LOAD build/obj/hal_lld.o
LOAD build/obj/adc_lld.o
LOAD build/obj/ext_lld_isr.o
LOAD build/obj/can_lld.o
LOAD build/obj/ext_lld.o
LOAD build/obj/gpt_lld.o
LOAD build/obj/icu_lld.o
LOAD build/obj/mac_lld.o
LOAD build/obj/pwm_lld.o
LOAD build/obj/sdc_lld.o
LOAD build/obj/serial_lld.o
LOAD build/obj/spi_lld.o
LOAD build/obj/pal_lld.o
LOAD build/obj/i2c_lld.o
LOAD build/obj/usb_lld.o
LOAD build/obj/rtc_lld.o
LOAD build/obj/uart_lld.o
LOAD build/obj/board.o
LOAD build/obj/lwipthread.o
LOAD build/obj/sys_arch.o
LOAD build/obj/etharp.o
LOAD build/obj/dhcp.o
LOAD build/obj/dns.o
LOAD build/obj/init.o
LOAD build/obj/mem.o
LOAD build/obj/memp.o
LOAD build/obj/netif.o
LOAD build/obj/pbuf.o
LOAD build/obj/raw.o
LOAD build/obj/stats.o
LOAD build/obj/sys.o
LOAD build/obj/tcp.o
LOAD build/obj/tcp_in.o
LOAD build/obj/tcp_out.o
LOAD build/obj/udp.o
LOAD build/obj/autoip.o
LOAD build/obj/icmp.o
LOAD build/obj/igmp.o
LOAD build/obj/inet.o
LOAD build/obj/inet_chksum.o
LOAD build/obj/ip.o
LOAD build/obj/ip_addr.o
LOAD build/obj/ip_frag.o
LOAD build/obj/def.o
LOAD build/obj/timers.o
LOAD build/obj/api_lib.o
LOAD build/obj/api_msg.o
LOAD build/obj/err.o
LOAD build/obj/netbuf.o
LOAD build/obj/netdb.o
LOAD build/obj/netifapi.o
LOAD build/obj/sockets.o
LOAD build/obj/tcpip.o
LOAD build/obj/evtimer.o
LOAD build/obj/web.o
LOAD build/obj/main.o
START GROUP
LOAD /home/texzk/ChibiStudio/tools/GNU Tools ARM Embedded/4.6 2012q2/bin/../lib/gcc/arm-none-eabi/4.6.2/armv7-m/libgcc.a
LOAD /home/texzk/ChibiStudio/tools/GNU Tools ARM Embedded/4.6 2012q2/bin/../lib/gcc/arm-none-eabi/4.6.2/../../../../arm-none-eabi/lib/armv7-m/libc.a
END GROUP
                0x00000400                __main_stack_size__ = 0x400
                0x00000400                __process_stack_size__ = 0x400
                0x20000000                __ram_start__ = ORIGIN (ram)
                0x0001c000                __ram_size__ = 0x1c000
                0x2001c000                __ram_end__ = (__ram_start__ + __ram_size__)
                0x00000000                . = 0x0
                0x00000000                _text = .

startup         0x08000000      0x184
 *(vectors)
 vectors        0x08000000      0x184 build/obj/vectors.o
                0x08000000                _vectors

constructors    0x08000184        0x0
                0x08000184                PROVIDE (__init_array_start, .)
 *(SORT(.init_array.*))
 *(.init_array)
                0x08000184                PROVIDE (__init_array_end, .)

destructors     0x08000184        0x0
                0x08000184                PROVIDE (__fini_array_start, .)
 *(.fini_array)
 *(SORT(.fini_array.*))
                0x08000184                PROVIDE (__fini_array_end, .)

.text           0x08000190    0x120f8
 *(.text.startup.*)
 *(.text)
 *(.text.*)
 .text.__late_init
                0x08000190       0x10 build/obj/crt0.o
                0x08000190                __late_init
 .text._default_exit
                0x080001a0       0x10 build/obj/crt0.o
                0x080001a0                _default_exit
 .text.fill32   0x080001b0       0x30 build/obj/crt0.o
 .text.ResetHandler
                0x080001e0       0xe0 build/obj/crt0.o
                0x080001e0                ResetHandler
 .text._unhandled_exception
                0x080002c0       0x10 build/obj/vectors.o
                0x080002c0                Vector58
                0x080002c0                VectorE8
                0x080002c0                Vector9C
                0x080002c0                VectorAC
                0x080002c0                Vector5C
                0x080002c0                NMIVector
                0x080002c0                Vector11C
                0x080002c0                Vector8C
                0x080002c0                VectorDC
                0x080002c0                Vector168
                0x080002c0                Vector110
                0x080002c0                Vector120
                0x080002c0                VectorC8
                0x080002c0                Vector94
                0x080002c0                VectorA8
                0x080002c0                VectorB4
                0x080002c0                Vector74
                0x080002c0                Vector160
                0x080002c0                VectorEC
                0x080002c0                UsageFaultVector
                0x080002c0                DebugMonitorVector
                0x080002c0                Vector40
                0x080002c0                VectorF8
                0x080002c0                Vector108
                0x080002c0                VectorBC
                0x080002c0                Vector150
                0x080002c0                Vector124
                0x080002c0                Vector148
                0x080002c0                PendSVVector
                0x080002c0                Vector118
                0x080002c0                Vector64
                0x080002c0                VectorCC
                0x080002c0                Vector54
                0x080002c0                Vector98
                0x080002c0                VectorD8
                0x080002c0                Vector138
                0x080002c0                Vector24
                0x080002c0                Vector178
                0x080002c0                Vector84
                0x080002c0                BusFaultVector
                0x080002c0                VectorD0
                0x080002c0                Vector140
                0x080002c0                VectorE4
                0x080002c0                VectorC0
                0x080002c0                Vector158
                0x080002c0                Vector130
                0x080002c0                HardFaultVector
                0x080002c0                VectorF0
                0x080002c0                Vector12C
                0x080002c0                Vector13C
                0x080002c0                Vector100
                0x080002c0                VectorE0
                0x080002c0                VectorF4
                0x080002c0                MemManageVector
                0x080002c0                Vector6C
                0x080002c0                VectorA0
                0x080002c0                VectorC4
                0x080002c0                Vector7C
                0x080002c0                Vector180
                0x080002c0                VectorB0
                0x080002c0                Vector90
                0x080002c0                Vector114
                0x080002c0                Vector164
                0x080002c0                Vector60
                0x080002c0                Vector1C
                0x080002c0                Vector17C
                0x080002c0                Vector48
                0x080002c0                Vector16C
                0x080002c0                Vector70
                0x080002c0                Vector4C
                0x080002c0                Vector144
                0x080002c0                Vector80
                0x080002c0                Vector15C
                0x080002c0                Vector68
                0x080002c0                Vector78
                0x080002c0                _unhandled_exception
                0x080002c0                Vector170
                0x080002c0                Vector88
                0x080002c0                Vector104
                0x080002c0                Vector10C
                0x080002c0                Vector14C
                0x080002c0                Vector50
                0x080002c0                Vector154
                0x080002c0                Vector44
                0x080002c0                Vector28
                0x080002c0                VectorB8
                0x080002c0                VectorFC
                0x080002c0                Vector34
                0x080002c0                Vector128
                0x080002c0                VectorA4
                0x080002c0                Vector20
                0x080002c0                Vector174
 .text.port_halt
                0x080002d0       0x10 build/obj/chcore.o
                0x080002d0                port_halt
 .text.SysTickVector
                0x080002e0       0x30 build/obj/chcore_v7m.o
                0x080002e0                SysTickVector
 .text.SVCallVector
                0x08000310       0x30 build/obj/chcore_v7m.o
                0x08000310                SVCallVector
 .text._port_init
                0x08000340       0x50 build/obj/chcore_v7m.o
                0x08000340                _port_init
 .text._port_irq_epilogue
                0x08000390       0xc0 build/obj/chcore_v7m.o
                0x08000390                _port_irq_epilogue
 .text._port_switch_from_isr
                0x08000450       0x10 build/obj/chcore_v7m.o
                0x08000450                _port_switch_from_isr
 .text._port_switch
                0x08000460       0x20 build/obj/chcore_v7m.o
                0x08000460                _port_switch
 .text._port_thread_start
                0x08000480       0x20 build/obj/chcore_v7m.o
                0x08000480                _port_thread_start
 .text.nvicEnableVector
                0x080004a0       0xb0 build/obj/nvic.o
                0x080004a0                nvicEnableVector
 .text.nvicSetSystemHandlerPriority
                0x08000550       0x70 build/obj/nvic.o
                0x08000550                nvicSetSystemHandlerPriority
 .text._idle_thread
                0x080005c0       0x20 build/obj/chsys.o
                0x080005c0                _idle_thread
 .text.chSysInit
                0x080005e0       0xb0 build/obj/chsys.o
                0x080005e0                chSysInit
 .text.chSysTimerHandlerI
                0x08000690       0xf0 build/obj/chsys.o
                0x08000690                chSysTimerHandlerI
 .text.dbg_check_enable
                0x08000780       0x30 build/obj/chdebug.o
                0x08000780                dbg_check_enable
 .text.dbg_check_lock
                0x080007b0       0x40 build/obj/chdebug.o
                0x080007b0                dbg_check_lock
 .text.dbg_check_unlock
                0x080007f0       0x40 build/obj/chdebug.o
                0x080007f0                dbg_check_unlock
 .text.dbg_check_lock_from_isr
                0x08000830       0x40 build/obj/chdebug.o
                0x08000830                dbg_check_lock_from_isr
 .text.dbg_check_unlock_from_isr
                0x08000870       0x40 build/obj/chdebug.o
                0x08000870                dbg_check_unlock_from_isr
 .text.dbg_check_enter_isr
                0x080008b0       0x60 build/obj/chdebug.o
                0x080008b0                dbg_check_enter_isr
 .text.dbg_check_leave_isr
                0x08000910       0x60 build/obj/chdebug.o
                0x08000910                dbg_check_leave_isr
 .text.chDbgCheckClassI
                0x08000970       0x30 build/obj/chdebug.o
                0x08000970                chDbgCheckClassI
 .text.chDbgCheckClassS
                0x080009a0       0x30 build/obj/chdebug.o
                0x080009a0                chDbgCheckClassS
 .text._trace_init
                0x080009d0       0x20 build/obj/chdebug.o
                0x080009d0                _trace_init
 .text.dbg_trace
                0x080009f0       0xa0 build/obj/chdebug.o
                0x080009f0                dbg_trace
 .text.chDbgPanic
                0x08000a90       0x20 build/obj/chdebug.o
                0x08000a90                chDbgPanic
 .text._vt_init
                0x08000ab0       0x50 build/obj/chvt.o
                0x08000ab0                _vt_init
 .text.chVTSetI
                0x08000b00       0xb0 build/obj/chvt.o
                0x08000b00                chVTSetI
 .text.chVTResetI
                0x08000bb0       0x80 build/obj/chvt.o
                0x08000bb0                chVTResetI
 .text.fifo_remove
                0x08000c30       0x30 build/obj/chschd.o
 .text.dequeue  0x08000c60       0x20 build/obj/chschd.o
 .text._scheduler_init
                0x08000c80       0x60 build/obj/chschd.o
                0x08000c80                _scheduler_init
 .text.chSchReadyI
                0x08000ce0       0x80 build/obj/chschd.o
                0x08000ce0                chSchReadyI
 .text.chSchGoSleepS
                0x08000d60       0x90 build/obj/chschd.o
                0x08000d60                chSchGoSleepS
 .text.wakeup   0x08000df0       0xa0 build/obj/chschd.o
 .text.chSchGoSleepTimeoutS
                0x08000e90       0x70 build/obj/chschd.o
                0x08000e90                chSchGoSleepTimeoutS
 .text.chSchWakeupS
                0x08000f00       0x90 build/obj/chschd.o
                0x08000f00                chSchWakeupS
 .text.chSchRescheduleS
                0x08000f90       0x30 build/obj/chschd.o
                0x08000f90                chSchRescheduleS
 .text.chSchDoRescheduleBehind
                0x08000fc0       0x80 build/obj/chschd.o
                0x08000fc0                chSchDoRescheduleBehind
 .text.chSchDoRescheduleAhead
                0x08001040       0xc0 build/obj/chschd.o
                0x08001040                chSchDoRescheduleAhead
 .text.chSchDoReschedule
                0x08001100       0x20 build/obj/chschd.o
                0x08001100                chSchDoReschedule
 .text.list_remove
                0x08001120       0x20 build/obj/chthreads.o
 .text._thread_init
                0x08001140       0xc0 build/obj/chthreads.o
                0x08001140                _thread_init
 .text.chThdCreateI
                0x08001200       0x80 build/obj/chthreads.o
                0x08001200                chThdCreateI
 .text.chThdCreateStatic
                0x08001280       0x50 build/obj/chthreads.o
                0x08001280                chThdCreateStatic
 .text.chThdSetPriority
                0x080012d0       0xa0 build/obj/chthreads.o
                0x080012d0                chThdSetPriority
 .text.chThdSleep
                0x08001370       0x40 build/obj/chthreads.o
                0x08001370                chThdSleep
 .text.chThdExit
                0x080013b0       0x20 build/obj/chthreads.o
                0x080013b0                chThdExit
 .text.chThdExitS
                0x080013d0       0x80 build/obj/chthreads.o
                0x080013d0                chThdExitS
 .text.queue_insert
                0x08001450       0x30 build/obj/chsem.o
 .text.fifo_remove
                0x08001480       0x30 build/obj/chsem.o
 .text.lifo_remove
                0x080014b0       0x30 build/obj/chsem.o
 .text.chSemInit
                0x080014e0       0x40 build/obj/chsem.o
                0x080014e0                chSemInit
 .text.chSemResetI
                0x08001520       0x90 build/obj/chsem.o
                0x08001520                chSemResetI
 .text.chSemWaitTimeoutS
                0x080015b0       0xc0 build/obj/chsem.o
                0x080015b0                chSemWaitTimeoutS
 .text.chSemSignal
                0x08001670       0x90 build/obj/chsem.o
                0x08001670                chSemSignal
 .text.chSemSignalI
                0x08001700       0x80 build/obj/chsem.o
                0x08001700                chSemSignalI
 .text.prio_insert
                0x08001780       0x50 build/obj/chmtx.o
 .text.fifo_remove
                0x080017d0       0x30 build/obj/chmtx.o
 .text.dequeue  0x08001800       0x20 build/obj/chmtx.o
 .text.chMtxInit
                0x08001820       0x40 build/obj/chmtx.o
                0x08001820                chMtxInit
 .text.chMtxLock
                0x08001860       0x30 build/obj/chmtx.o
                0x08001860                chMtxLock
 .text.chMtxLockS
                0x08001890      0x110 build/obj/chmtx.o
                0x08001890                chMtxLockS
 .text.chMtxUnlock
                0x080019a0       0xf0 build/obj/chmtx.o
                0x080019a0                chMtxUnlock
 .text.chEvtRegisterMask
                0x08001a90       0x60 build/obj/chevents.o
                0x08001a90                chEvtRegisterMask
 .text.chEvtAddFlags
                0x08001af0       0x50 build/obj/chevents.o
                0x08001af0                chEvtAddFlags
 .text.chEvtSignalFlagsI
                0x08001b40       0x70 build/obj/chevents.o
                0x08001b40                chEvtSignalFlagsI
 .text.chEvtBroadcastFlagsI
                0x08001bb0       0x50 build/obj/chevents.o
                0x08001bb0                chEvtBroadcastFlagsI
 .text.chEvtWaitAny
                0x08001c00       0x70 build/obj/chevents.o
                0x08001c00                chEvtWaitAny
 .text.chMBInit
                0x08001c70       0x70 build/obj/chmboxes.o
                0x08001c70                chMBInit
 .text.chMBReset
                0x08001ce0       0x80 build/obj/chmboxes.o
                0x08001ce0                chMBReset
 .text.chMBPost
                0x08001d60       0x40 build/obj/chmboxes.o
                0x08001d60                chMBPost
 .text.chMBPostS
                0x08001da0       0x80 build/obj/chmboxes.o
                0x08001da0                chMBPostS
 .text.chMBFetch
                0x08001e20       0x40 build/obj/chmboxes.o
                0x08001e20                chMBFetch
 .text.chMBFetchS
                0x08001e60       0x80 build/obj/chmboxes.o
                0x08001e60                chMBFetchS
 .text.queue_insert
                0x08001ee0       0x30 build/obj/chqueues.o
 .text.fifo_remove
                0x08001f10       0x30 build/obj/chqueues.o
 .text.qwait    0x08001f40       0x50 build/obj/chqueues.o
 .text.chIQInit
                0x08001f90       0x50 build/obj/chqueues.o
                0x08001f90                chIQInit
 .text.chIQPutI
                0x08001fe0       0x90 build/obj/chqueues.o
                0x08001fe0                chIQPutI
 .text.chIQGetTimeout
                0x08002070       0xa0 build/obj/chqueues.o
                0x08002070                chIQGetTimeout
 .text.chIQReadTimeout
                0x08002110       0xe0 build/obj/chqueues.o
                0x08002110                chIQReadTimeout
 .text.chOQInit
                0x080021f0       0x50 build/obj/chqueues.o
                0x080021f0                chOQInit
 .text.chOQPutTimeout
                0x08002240       0xa0 build/obj/chqueues.o
                0x08002240                chOQPutTimeout
 .text.chOQGetI
                0x080022e0       0x90 build/obj/chqueues.o
                0x080022e0                chOQGetI
 .text.chOQWriteTimeout
                0x08002370       0xe0 build/obj/chqueues.o
                0x08002370                chOQWriteTimeout
 .text._core_init
                0x08002450       0x40 build/obj/chmemcore.o
                0x08002450                _core_init
 .text.chCoreAlloc
                0x08002490       0x30 build/obj/chmemcore.o
                0x08002490                chCoreAlloc
 .text.chCoreAllocI
                0x080024c0       0x70 build/obj/chmemcore.o
                0x080024c0                chCoreAllocI
 .text._heap_init
                0x08002530       0x40 build/obj/chheap.o
                0x08002530                _heap_init
 .text.chHeapAlloc
                0x08002570      0x100 build/obj/chheap.o
                0x08002570                chHeapAlloc
 .text.chHeapFree
                0x08002670      0x110 build/obj/chheap.o
                0x08002670                chHeapFree
 .text.halInit  0x08002780       0x30 build/obj/hal.o
                0x08002780                halInit
 .text.macInit  0x080027b0       0x10 build/obj/mac.o
                0x080027b0                macInit
 .text.macObjectInit
                0x080027c0       0x50 build/obj/mac.o
                0x080027c0                macObjectInit
 .text.macStart
                0x08002810       0x70 build/obj/mac.o
                0x08002810                macStart
 .text.macWaitTransmitDescriptor
                0x08002880       0xc0 build/obj/mac.o
                0x08002880                macWaitTransmitDescriptor
 .text.macReleaseTransmitDescriptor
                0x08002940       0x30 build/obj/mac.o
                0x08002940                macReleaseTransmitDescriptor
 .text.macWaitReceiveDescriptor
                0x08002970       0xc0 build/obj/mac.o
                0x08002970                macWaitReceiveDescriptor
 .text.macReleaseReceiveDescriptor
                0x08002a30       0x30 build/obj/mac.o
                0x08002a30                macReleaseReceiveDescriptor
 .text.macPollLinkStatus
                0x08002a60       0x40 build/obj/mac.o
                0x08002a60                macPollLinkStatus
 .text.write    0x08002aa0       0x30 build/obj/serial.o
 .text.read     0x08002ad0       0x30 build/obj/serial.o
 .text.put      0x08002b00       0x30 build/obj/serial.o
 .text.get      0x08002b30       0x20 build/obj/serial.o
 .text.putt     0x08002b50       0x30 build/obj/serial.o
 .text.gett     0x08002b80       0x20 build/obj/serial.o
 .text.writet   0x08002ba0       0x30 build/obj/serial.o
 .text.readt    0x08002bd0       0x30 build/obj/serial.o
 .text.getflags
                0x08002c00       0x40 build/obj/serial.o
 .text.sdInit   0x08002c40       0x10 build/obj/serial.o
                0x08002c40                sdInit
 .text.sdObjectInit
                0x08002c50       0x70 build/obj/serial.o
                0x08002c50                sdObjectInit
 .text.sdIncomingDataI
                0x08002cc0       0x80 build/obj/serial.o
                0x08002cc0                sdIncomingDataI
 .text.tm_start
                0x08002d40       0x20 build/obj/tm.o
 .text.tm_stop  0x08002d60       0x60 build/obj/tm.o
 .text.tmInit   0x08002dc0       0x40 build/obj/tm.o
                0x08002dc0                tmInit
 .text.tmObjectInit
                0x08002e00       0x40 build/obj/tm.o
                0x08002e00                tmObjectInit
 .text.hal_lld_backup_domain_init
                0x08002e40       0x90 build/obj/hal_lld.o
 .text.hal_lld_init
                0x08002ed0      0x140 build/obj/hal_lld.o
                0x08002ed0                hal_lld_init
 .text.stm32_clock_init
                0x08003010      0x170 build/obj/hal_lld.o
                0x08003010                stm32_clock_init
 .text.mii_write
                0x08003180       0x50 build/obj/mac_lld.o
 .text.mii_read
                0x080031d0       0x50 build/obj/mac_lld.o
 .text.mac_lld_set_address
                0x08003220       0xd0 build/obj/mac_lld.o
 .text.Vector134
                0x080032f0       0xb0 build/obj/mac_lld.o
                0x080032f0                Vector134
 .text.mac_lld_init
                0x080033a0      0x210 build/obj/mac_lld.o
                0x080033a0                mac_lld_init
 .text.mac_lld_start
                0x080035b0      0x250 build/obj/mac_lld.o
                0x080035b0                mac_lld_start
 .text.mac_lld_get_transmit_descriptor
                0x08003800       0x90 build/obj/mac_lld.o
                0x08003800                mac_lld_get_transmit_descriptor
 .text.mac_lld_write_transmit_descriptor
                0x08003890       0x80 build/obj/mac_lld.o
                0x08003890                mac_lld_write_transmit_descriptor
 .text.mac_lld_release_transmit_descriptor
                0x08003910       0xa0 build/obj/mac_lld.o
                0x08003910                mac_lld_release_transmit_descriptor
 .text.mac_lld_get_receive_descriptor
                0x080039b0       0xc0 build/obj/mac_lld.o
                0x080039b0                mac_lld_get_receive_descriptor
 .text.mac_lld_read_receive_descriptor
                0x08003a70       0x80 build/obj/mac_lld.o
                0x08003a70                mac_lld_read_receive_descriptor
 .text.mac_lld_release_receive_descriptor
                0x08003af0       0x90 build/obj/mac_lld.o
                0x08003af0                mac_lld_release_receive_descriptor
 .text.mac_lld_poll_link_status
                0x08003b80      0x110 build/obj/mac_lld.o
                0x08003b80                mac_lld_poll_link_status
 .text.set_error
                0x08003c90       0xa0 build/obj/serial_lld.o
 .text.serve_interrupt
                0x08003d30      0x1b0 build/obj/serial_lld.o
 .text.notify1  0x08003ee0       0x30 build/obj/serial_lld.o
 .text.VectorD4
                0x08003f10       0x20 build/obj/serial_lld.o
                0x08003f10                VectorD4
 .text.sd_lld_init
                0x08003f30       0x30 build/obj/serial_lld.o
                0x08003f30                sd_lld_init
 .text.initgpio
                0x08003f60       0x50 build/obj/pal_lld.o
 .text._pal_lld_init
                0x08003fb0      0x100 build/obj/pal_lld.o
                0x08003fb0                _pal_lld_init
 .text.__early_init
                0x080040b0       0x10 build/obj/board.o
                0x080040b0                __early_init
 .text.boardInit
                0x080040c0       0x10 build/obj/board.o
                0x080040c0                boardInit
 .text.low_level_init
                0x080040d0       0x30 build/obj/lwipthread.o
 .text.low_level_output
                0x08004100       0x80 build/obj/lwipthread.o
 .text.low_level_input
                0x08004180       0xe0 build/obj/lwipthread.o
 .text.ethernetif_init
                0x08004260       0x50 build/obj/lwipthread.o
 .text.lwip_thread
                0x080042b0      0x2a0 build/obj/lwipthread.o
                0x080042b0                lwip_thread
 .text.sys_init
                0x08004550       0x10 build/obj/sys_arch.o
                0x08004550                sys_init
 .text.sys_sem_new
                0x08004560       0xc0 build/obj/sys_arch.o
                0x08004560                sys_sem_new
 .text.sys_sem_free
                0x08004620       0x40 build/obj/sys_arch.o
                0x08004620                sys_sem_free
 .text.sys_sem_signal
                0x08004660       0x20 build/obj/sys_arch.o
                0x08004660                sys_sem_signal
 .text.sys_arch_sem_wait
                0x08004680       0x70 build/obj/sys_arch.o
                0x08004680                sys_arch_sem_wait
 .text.sys_sem_valid
                0x080046f0       0x20 build/obj/sys_arch.o
                0x080046f0                sys_sem_valid
 .text.sys_sem_set_invalid
                0x08004710       0x10 build/obj/sys_arch.o
                0x08004710                sys_sem_set_invalid
 .text.sys_mbox_new
                0x08004720       0x90 build/obj/sys_arch.o
                0x08004720                sys_mbox_new
 .text.sys_mbox_free
                0x080047b0       0x70 build/obj/sys_arch.o
                0x080047b0                sys_mbox_free
 .text.sys_mbox_post
                0x08004820       0x20 build/obj/sys_arch.o
                0x08004820                sys_mbox_post
 .text.sys_mbox_trypost
                0x08004840       0x60 build/obj/sys_arch.o
                0x08004840                sys_mbox_trypost
 .text.sys_arch_mbox_fetch
                0x080048a0       0x80 build/obj/sys_arch.o
                0x080048a0                sys_arch_mbox_fetch
 .text.sys_arch_mbox_tryfetch
                0x08004920       0x30 build/obj/sys_arch.o
                0x08004920                sys_arch_mbox_tryfetch
 .text.sys_mbox_valid
                0x08004950       0x20 build/obj/sys_arch.o
                0x08004950                sys_mbox_valid
 .text.sys_mbox_set_invalid
                0x08004970       0x10 build/obj/sys_arch.o
                0x08004970                sys_mbox_set_invalid
 .text.sys_thread_new
                0x08004980       0x50 build/obj/sys_arch.o
                0x08004980                sys_thread_new
 .text.free_entry
                0x080049d0       0x70 build/obj/etharp.o
 .text.etharp_tmr
                0x08004a40       0xe0 build/obj/etharp.o
                0x08004a40                etharp_tmr
 .text.find_entry
                0x08004b20      0x300 build/obj/etharp.o
 .text.etharp_send_ip
                0x08004e20       0x80 build/obj/etharp.o
 .text.update_arp_entry
                0x08004ea0      0x140 build/obj/etharp.o
 .text.etharp_arp_input
                0x08004fe0      0x290 build/obj/etharp.o
 .text.etharp_output
                0x08005270      0x1c0 build/obj/etharp.o
                0x08005270                etharp_output
 .text.etharp_query
                0x08005430      0x2d0 build/obj/etharp.o
                0x08005430                etharp_query
 .text.etharp_raw
                0x08005700      0x1b0 build/obj/etharp.o
 .text.etharp_request
                0x080058b0       0x50 build/obj/etharp.o
                0x080058b0                etharp_request
 .text.ethernet_input
                0x08005900      0x130 build/obj/etharp.o
                0x08005900                ethernet_input
 .text.lwip_init
                0x08005a30       0x20 build/obj/init.o
                0x08005a30                lwip_init
 .text.plug_holes
                0x08005a50      0x140 build/obj/mem.o
 .text.mem_init
                0x08005b90       0xd0 build/obj/mem.o
                0x08005b90                mem_init
 .text.mem_free
                0x08005c60      0x120 build/obj/mem.o
                0x08005c60                mem_free
 .text.mem_trim
                0x08005d80      0x2d0 build/obj/mem.o
                0x08005d80                mem_trim
 .text.mem_malloc
                0x08006050      0x340 build/obj/mem.o
                0x08006050                mem_malloc
 .text.memp_init
                0x08006390      0x170 build/obj/memp.o
                0x08006390                memp_init
 .text.memp_malloc
                0x08006500      0x180 build/obj/memp.o
                0x08006500                memp_malloc
 .text.memp_free
                0x08006680       0xa0 build/obj/memp.o
                0x08006680                memp_free
 .text.netif_init
                0x08006720       0x10 build/obj/netif.o
                0x08006720                netif_init
 .text.netif_add
                0x08006730       0xb0 build/obj/netif.o
                0x08006730                netif_add
 .text.netif_set_addr
                0x080067e0       0x30 build/obj/netif.o
                0x080067e0                netif_set_addr
 .text.netif_set_ipaddr
                0x08006810       0xb0 build/obj/netif.o
                0x08006810                netif_set_ipaddr
 .text.netif_set_gw
                0x080068c0       0x20 build/obj/netif.o
                0x080068c0                netif_set_gw
 .text.netif_set_netmask
                0x080068e0       0x20 build/obj/netif.o
                0x080068e0                netif_set_netmask
 .text.netif_set_default
                0x08006900       0x20 build/obj/netif.o
                0x08006900                netif_set_default
 .text.netif_set_up
                0x08006920       0x60 build/obj/netif.o
                0x08006920                netif_set_up
 .text.netif_set_link_up
                0x08006980       0x60 build/obj/netif.o
                0x08006980                netif_set_link_up
 .text.netif_set_link_down
                0x080069e0       0x30 build/obj/netif.o
                0x080069e0                netif_set_link_down
 .text.pbuf_free_ooseq
                0x08006a10       0x50 build/obj/pbuf.o
 .text.pbuf_pool_is_empty
                0x08006a60       0x60 build/obj/pbuf.o
 .text.pbuf_alloc
                0x08006ac0      0x310 build/obj/pbuf.o
                0x08006ac0                pbuf_alloc
 .text.pbuf_alloced_custom
                0x08006dd0       0xf0 build/obj/pbuf.o
                0x08006dd0                pbuf_alloced_custom
 .text.pbuf_realloc
                0x08006ec0      0x120 build/obj/pbuf.o
                0x08006ec0                pbuf_realloc
 .text.pbuf_header
                0x08006fe0      0x120 build/obj/pbuf.o
                0x08006fe0                pbuf_header
 .text.pbuf_free
                0x08007100      0x110 build/obj/pbuf.o
                0x08007100                pbuf_free
 .text.pbuf_clen
                0x08007210       0x30 build/obj/pbuf.o
                0x08007210                pbuf_clen
 .text.pbuf_ref
                0x08007240       0x20 build/obj/pbuf.o
                0x08007240                pbuf_ref
 .text.pbuf_cat
                0x08007260       0x80 build/obj/pbuf.o
                0x08007260                pbuf_cat
 .text.pbuf_copy
                0x080072e0      0x170 build/obj/pbuf.o
                0x080072e0                pbuf_copy
 .text.pbuf_copy_partial
                0x08007450      0x110 build/obj/pbuf.o
                0x08007450                pbuf_copy_partial
 .text.raw_input
                0x08007560       0xe0 build/obj/raw.o
                0x08007560                raw_input
 .text.raw_bind
                0x08007640       0x30 build/obj/raw.o
                0x08007640                raw_bind
 .text.raw_recv
                0x08007670       0x20 build/obj/raw.o
                0x08007670                raw_recv
 .text.raw_remove
                0x08007690       0x70 build/obj/raw.o
                0x08007690                raw_remove
 .text.raw_new  0x08007700       0x70 build/obj/raw.o
                0x08007700                raw_new
 .text.stats_init
                0x08007770       0x10 build/obj/stats.o
                0x08007770                stats_init
 .text.tcp_tmr  0x08007780       0x40 build/obj/tcp.o
                0x08007780                tcp_tmr
 .text.tcp_close_shutdown
                0x080077c0      0x2f0 build/obj/tcp.o
 .text.tcp_close
                0x08007ab0       0x40 build/obj/tcp.o
                0x08007ab0                tcp_close
 .text.tcp_shutdown
                0x08007af0       0x90 build/obj/tcp.o
                0x08007af0                tcp_shutdown
 .text.tcp_abandon
                0x08007b80       0xf0 build/obj/tcp.o
                0x08007b80                tcp_abandon
 .text.tcp_abort
                0x08007c70       0x20 build/obj/tcp.o
                0x08007c70                tcp_abort
 .text.tcp_bind
                0x08007c90      0x100 build/obj/tcp.o
                0x08007c90                tcp_bind
 .text.tcp_accept_null
                0x08007d90       0x20 build/obj/tcp.o
 .text.tcp_listen_with_backlog
                0x08007db0      0x170 build/obj/tcp.o
                0x08007db0                tcp_listen_with_backlog
 .text.tcp_update_rcv_ann_wnd
                0x08007f20       0x90 build/obj/tcp.o
                0x08007f20                tcp_update_rcv_ann_wnd
 .text.tcp_recved
                0x08007fb0       0x80 build/obj/tcp.o
                0x08007fb0                tcp_recved
 .text.tcp_new_port
                0x08008030       0xa0 build/obj/tcp.o
 .text.tcp_slowtmr
                0x080080d0      0x550 build/obj/tcp.o
                0x080080d0                tcp_slowtmr
 .text.tcp_fasttmr
                0x08008620       0xe0 build/obj/tcp.o
                0x08008620                tcp_fasttmr
 .text.tcp_segs_free
                0x08008700       0x30 build/obj/tcp.o
                0x08008700                tcp_segs_free
 .text.tcp_seg_free
                0x08008730       0x30 build/obj/tcp.o
                0x08008730                tcp_seg_free
 .text.tcp_seg_copy
                0x08008760       0x50 build/obj/tcp.o
                0x08008760                tcp_seg_copy
 .text.tcp_recv_null
                0x080087b0       0x50 build/obj/tcp.o
                0x080087b0                tcp_recv_null
 .text.tcp_kill_prio
                0x08008800       0xa0 build/obj/tcp.o
 .text.tcp_kill_timewait
                0x080088a0       0x70 build/obj/tcp.o
 .text.tcp_alloc
                0x08008910      0x190 build/obj/tcp.o
                0x08008910                tcp_alloc
 .text.tcp_new  0x08008aa0       0x10 build/obj/tcp.o
                0x08008aa0                tcp_new
 .text.tcp_arg  0x08008ab0       0x10 build/obj/tcp.o
                0x08008ab0                tcp_arg
 .text.tcp_recv
                0x08008ac0       0x20 build/obj/tcp.o
                0x08008ac0                tcp_recv
 .text.tcp_sent
                0x08008ae0       0x20 build/obj/tcp.o
                0x08008ae0                tcp_sent
 .text.tcp_err  0x08008b00       0x20 build/obj/tcp.o
                0x08008b00                tcp_err
 .text.tcp_accept
                0x08008b20       0x10 build/obj/tcp.o
                0x08008b20                tcp_accept
 .text.tcp_poll
                0x08008b30       0x30 build/obj/tcp.o
                0x08008b30                tcp_poll
 .text.tcp_pcb_purge
                0x08008b60       0x90 build/obj/tcp.o
                0x08008b60                tcp_pcb_purge
 .text.tcp_pcb_remove
                0x08008bf0      0x100 build/obj/tcp.o
                0x08008bf0                tcp_pcb_remove
 .text.tcp_next_iss
                0x08008cf0       0x30 build/obj/tcp.o
                0x08008cf0                tcp_next_iss
 .text.tcp_eff_send_mss
                0x08008d20       0x50 build/obj/tcp.o
                0x08008d20                tcp_eff_send_mss
 .text.tcp_input
                0x08008d70      0x9d0 build/obj/tcp_in.o
                0x08008d70                tcp_input
 .text.tcp_listen_input
                0x08009740      0x1f0 build/obj/tcp_in.o
 .text.tcp_timewait_input
                0x08009930      0x120 build/obj/tcp_in.o
 .text.tcp_process
                0x08009a50      0x910 build/obj/tcp_in.o
 .text.tcp_oos_insert_segment
                0x0800a360      0x100 build/obj/tcp_in.o
 .text.tcp_receive
                0x0800a460     0x1230 build/obj/tcp_in.o
 .text.tcp_parseopt
                0x0800b690      0x160 build/obj/tcp_in.o
 .text.tcp_output_alloc_header
                0x0800b7f0      0x110 build/obj/tcp_out.o
 .text.tcp_send_fin
                0x0800b900       0x80 build/obj/tcp_out.o
                0x0800b900                tcp_send_fin
 .text.tcp_create_segment
                0x0800b980      0x150 build/obj/tcp_out.o
 .text.tcp_pbuf_prealloc
                0x0800bad0       0xe0 build/obj/tcp_out.o
 .text.tcp_write_checks
                0x0800bbb0      0x100 build/obj/tcp_out.o
 .text.tcp_write
                0x0800bcb0      0x5e0 build/obj/tcp_out.o
                0x0800bcb0                tcp_write
 .text.tcp_enqueue_flags
                0x0800c290      0x2a0 build/obj/tcp_out.o
                0x0800c290                tcp_enqueue_flags
 .text.tcp_send_empty_ack
                0x0800c530       0xb0 build/obj/tcp_out.o
                0x0800c530                tcp_send_empty_ack
 .text.tcp_output
                0x0800c5e0      0x310 build/obj/tcp_out.o
                0x0800c5e0                tcp_output
 .text.tcp_output_segment
                0x0800c8f0      0x1b0 build/obj/tcp_out.o
 .text.tcp_rst  0x0800caa0      0x120 build/obj/tcp_out.o
                0x0800caa0                tcp_rst
 .text.tcp_rexmit_rto
                0x0800cbc0       0x70 build/obj/tcp_out.o
                0x0800cbc0                tcp_rexmit_rto
 .text.tcp_rexmit
                0x0800cc30       0x90 build/obj/tcp_out.o
                0x0800cc30                tcp_rexmit
 .text.tcp_rexmit_fast
                0x0800ccc0       0xb0 build/obj/tcp_out.o
                0x0800ccc0                tcp_rexmit_fast
 .text.tcp_keepalive
                0x0800cd70       0xb0 build/obj/tcp_out.o
                0x0800cd70                tcp_keepalive
 .text.tcp_zero_window_probe
                0x0800ce20      0x170 build/obj/tcp_out.o
                0x0800ce20                tcp_zero_window_probe
 .text.udp_input
                0x0800cf90      0x3f0 build/obj/udp.o
                0x0800cf90                udp_input
 .text.udp_bind
                0x0800d380      0x140 build/obj/udp.o
                0x0800d380                udp_bind
 .text.udp_recv
                0x0800d4c0       0x20 build/obj/udp.o
                0x0800d4c0                udp_recv
 .text.udp_remove
                0x0800d4e0       0x70 build/obj/udp.o
                0x0800d4e0                udp_remove
 .text.udp_new  0x0800d550       0x40 build/obj/udp.o
                0x0800d550                udp_new
 .text.icmp_input
                0x0800d590      0x380 build/obj/icmp.o
                0x0800d590                icmp_input
 .text.icmp_dest_unreach
                0x0800d910       0x20 build/obj/icmp.o
                0x0800d910                icmp_dest_unreach
 .text.icmp_time_exceeded
                0x0800d930       0x20 build/obj/icmp.o
                0x0800d930                icmp_time_exceeded
 .text.icmp_send_response
                0x0800d950      0x100 build/obj/icmp.o
 .text.lwip_standard_chksum
                0x0800da50       0xe0 build/obj/inet_chksum.o
 .text.inet_chksum_pseudo
                0x0800db30      0x160 build/obj/inet_chksum.o
                0x0800db30                inet_chksum_pseudo
 .text.inet_chksum
                0x0800dc90       0x30 build/obj/inet_chksum.o
                0x0800dc90                inet_chksum
 .text.inet_chksum_pbuf
                0x0800dcc0       0xc0 build/obj/inet_chksum.o
                0x0800dcc0                inet_chksum_pbuf
 .text.ip_route
                0x0800dd80       0xa0 build/obj/ip.o
                0x0800dd80                ip_route
 .text.ip_input
                0x0800de20      0x3e0 build/obj/ip.o
                0x0800de20                ip_input
 .text.ip_output_if
                0x0800e200      0x240 build/obj/ip.o
                0x0800e200                ip_output_if
 .text.ip_output
                0x0800e440       0x80 build/obj/ip.o
                0x0800e440                ip_output
 .text.ip4_addr_isbroadcast
                0x0800e4c0       0x80 build/obj/ip_addr.o
                0x0800e4c0                ip4_addr_isbroadcast
 .text.ip_reass_tmr
                0x0800e540       0x60 build/obj/ip_frag.o
                0x0800e540                ip_reass_tmr
 .text.ip_reass_free_complete_datagram
                0x0800e5a0      0x150 build/obj/ip_frag.o
 .text.ip_reass_remove_oldest_datagram
                0x0800e6f0       0xc0 build/obj/ip_frag.o
 .text.ip_reass_enqueue_new_datagram
                0x0800e7b0       0xc0 build/obj/ip_frag.o
 .text.ip_reass_dequeue_datagram
                0x0800e870       0x50 build/obj/ip_frag.o
 .text.ip_reass_chain_frag_into_datagram_and_validate
                0x0800e8c0      0x2a0 build/obj/ip_frag.o
 .text.ip_reass
                0x0800eb60      0x360 build/obj/ip_frag.o
                0x0800eb60                ip_reass
 .text.ip_frag_alloc_pbuf_custom_ref
                0x0800eec0       0x10 build/obj/ip_frag.o
 .text.ip_frag_free_pbuf_custom_ref
                0x0800eed0       0x20 build/obj/ip_frag.o
 .text.ipfrag_free_pbuf_custom
                0x0800eef0       0x40 build/obj/ip_frag.o
 .text.ip_frag  0x0800ef30      0x2c0 build/obj/ip_frag.o
                0x0800ef30                ip_frag
 .text.lwip_htons
                0x0800f1f0       0x30 build/obj/def.o
                0x0800f1f0                lwip_htons
 .text.lwip_ntohs
                0x0800f220       0x20 build/obj/def.o
                0x0800f220                lwip_ntohs
 .text.lwip_htonl
                0x0800f240       0x30 build/obj/def.o
                0x0800f240                lwip_htonl
 .text.lwip_ntohl
                0x0800f270       0x20 build/obj/def.o
                0x0800f270                lwip_ntohl
 .text.tcpip_tcp_timer
                0x0800f290       0x50 build/obj/timers.o
 .text.tcp_timer_needed
                0x0800f2e0       0x50 build/obj/timers.o
                0x0800f2e0                tcp_timer_needed
 .text.ip_reass_timer
                0x0800f330       0x30 build/obj/timers.o
 .text.arp_timer
                0x0800f360       0x30 build/obj/timers.o
 .text.sys_timeouts_init
                0x0800f390       0x30 build/obj/timers.o
                0x0800f390                sys_timeouts_init
 .text.sys_timeout
                0x0800f3c0      0x120 build/obj/timers.o
                0x0800f3c0                sys_timeout
 .text.sys_untimeout
                0x0800f4e0       0xa0 build/obj/timers.o
                0x0800f4e0                sys_untimeout
 .text.sys_timeouts_mbox_fetch
                0x0800f580       0xf0 build/obj/timers.o
                0x0800f580                sys_timeouts_mbox_fetch
 .text.netconn_new_with_proto_and_callback
                0x0800f670       0xd0 build/obj/api_lib.o
                0x0800f670                netconn_new_with_proto_and_callback
 .text.netconn_delete
                0x0800f740       0x40 build/obj/api_lib.o
                0x0800f740                netconn_delete
 .text.netconn_bind
                0x0800f780       0x70 build/obj/api_lib.o
                0x0800f780                netconn_bind
 .text.netconn_listen_with_backlog
                0x0800f7f0       0x60 build/obj/api_lib.o
                0x0800f7f0                netconn_listen_with_backlog
 .text.netconn_accept
                0x0800f850       0xd0 build/obj/api_lib.o
                0x0800f850                netconn_accept
 .text.netconn_recv_data
                0x0800f920      0x150 build/obj/api_lib.o
 .text.netconn_recv
                0x0800fa70      0x100 build/obj/api_lib.o
                0x0800fa70                netconn_recv
 .text.netconn_write
                0x0800fb70       0x90 build/obj/api_lib.o
                0x0800fb70                netconn_write
 .text.netconn_close_shutdown
                0x0800fc00       0x60 build/obj/api_lib.o
 .text.netconn_close
                0x0800fc60       0x20 build/obj/api_lib.o
                0x0800fc60                netconn_close
 .text.recv_raw
                0x0800fc80       0xf0 build/obj/api_msg.o
 .text.recv_udp
                0x0800fd70       0xe0 build/obj/api_msg.o
 .text.recv_tcp
                0x0800fe50       0xe0 build/obj/api_msg.o
 .text.poll_tcp
                0x0800ff30       0xa0 build/obj/api_msg.o
 .text.sent_tcp
                0x0800ffd0       0xa0 build/obj/api_msg.o
 .text.err_tcp  0x08010070      0x150 build/obj/api_msg.o
 .text.setup_tcp
                0x080101c0       0x60 build/obj/api_msg.o
 .text.accept_function
                0x08010220       0xd0 build/obj/api_msg.o
 .text.pcb_new  0x080102f0      0x100 build/obj/api_msg.o
 .text.do_newconn
                0x080103f0       0x30 build/obj/api_msg.o
                0x080103f0                do_newconn
 .text.netconn_alloc
                0x08010420      0x110 build/obj/api_msg.o
                0x08010420                netconn_alloc
 .text.netconn_free
                0x08010530       0x70 build/obj/api_msg.o
                0x08010530                netconn_free
 .text.netconn_drain
                0x080105a0      0x110 build/obj/api_msg.o
 .text.do_close_internal
                0x080106b0      0x240 build/obj/api_msg.o
 .text.do_delconn
                0x080108f0      0x160 build/obj/api_msg.o
                0x080108f0                do_delconn
 .text.do_bind  0x08010a50       0xc0 build/obj/api_msg.o
                0x08010a50                do_bind
 .text.do_listen
                0x08010b10      0x140 build/obj/api_msg.o
                0x08010b10                do_listen
 .text.do_recv  0x08010c50       0x80 build/obj/api_msg.o
                0x08010c50                do_recv
 .text.do_writemore
                0x08010cd0      0x280 build/obj/api_msg.o
 .text.do_write
                0x08010f50       0xc0 build/obj/api_msg.o
                0x08010f50                do_write
 .text.do_close
                0x08011010       0xd0 build/obj/api_msg.o
                0x08011010                do_close
 .text.netbuf_delete
                0x080110e0       0x40 build/obj/netbuf.o
                0x080110e0                netbuf_delete
 .text.netbuf_data
                0x08011120       0x70 build/obj/netbuf.o
                0x08011120                netbuf_data
 .text.lwip_socket_init
                0x08011190       0x10 build/obj/sockets.o
                0x08011190                lwip_socket_init
 .text.tcpip_thread
                0x080111a0      0x120 build/obj/tcpip.o
 .text.tcpip_input
                0x080112c0       0x80 build/obj/tcpip.o
                0x080112c0                tcpip_input
 .text.tcpip_callback_with_block
                0x08011340       0xa0 build/obj/tcpip.o
                0x08011340                tcpip_callback_with_block
 .text.tcpip_apimsg
                0x080113e0       0x60 build/obj/tcpip.o
                0x080113e0                tcpip_apimsg
 .text.tcpip_init
                0x08011440       0x70 build/obj/tcpip.o
                0x08011440                tcpip_init
 .text.tmrcb    0x080114b0       0x50 build/obj/evtimer.o
 .text.evtStart
                0x08011500       0x50 build/obj/evtimer.o
                0x08011500                evtStart
 .text.http_server_serve
                0x08011550       0xb0 build/obj/web.o
 .text.http_server
                0x08011600       0x80 build/obj/web.o
                0x08011600                http_server
 .text.Thread1  0x08011680       0x50 build/obj/main.o
 .text.main     0x080116d0       0x80 build/obj/main.o
                0x080116d0                main
 .text.memcpy   0x08011750       0x84 /home/texzk/ChibiStudio/tools/GNU Tools ARM Embedded/4.6 2012q2/bin/../lib/gcc/arm-none-eabi/4.6.2/../../../../arm-none-eabi/lib/armv7-m/libc.a(lib_a-memcpy.o)
                0x08011750                memcpy
 *fill*         0x080117d4        0xc 00
 .text.memset   0x080117e0       0x90 /home/texzk/ChibiStudio/tools/GNU Tools ARM Embedded/4.6 2012q2/bin/../lib/gcc/arm-none-eabi/4.6.2/../../../../arm-none-eabi/lib/armv7-m/libc.a(lib_a-memset.o)
                0x080117e0                memset
 *(.rodata)
 .rodata        0x08011870       0x10 build/obj/chsys.o
 .rodata        0x08011880       0x58 build/obj/chdebug.o
 *fill*         0x080118d8        0x8 00
 .rodata        0x080118e0       0x34 build/obj/chvt.o
 *fill*         0x08011914        0xc 00
 .rodata        0x08011920       0x24 build/obj/chschd.o
 *fill*         0x08011944        0xc 00
 .rodata        0x08011950       0x94 build/obj/chthreads.o
 *fill*         0x080119e4        0xc 00
 .rodata        0x080119f0      0x148 build/obj/chsem.o
 *fill*         0x08011b38        0x8 00
 .rodata        0x08011b40       0xac build/obj/chmtx.o
 *fill*         0x08011bec        0x4 00
 .rodata        0x08011bf0       0x90 build/obj/chevents.o
 .rodata        0x08011c80       0x88 build/obj/chmboxes.o
 *fill*         0x08011d08        0x8 00
 .rodata        0x08011d10       0x2c build/obj/chqueues.o
 *fill*         0x08011d3c        0x4 00
 .rodata        0x08011d40       0x34 build/obj/chheap.o
 *fill*         0x08011d74        0xc 00
 .rodata        0x08011d80      0x130 build/obj/mac.o
 .rodata        0x08011eb0       0x60 build/obj/serial.o
 .rodata        0x08011f10       0xa8 build/obj/mac_lld.o
 *fill*         0x08011fb8        0x8 00
 .rodata        0x08011fc0        0xc build/obj/lwipthread.o
 *fill*         0x08011fcc        0x4 00
 .rodata        0x08011fd0       0x10 build/obj/tcpip.o
 .rodata        0x08011fe0        0x8 build/obj/main.o
 *(.rodata.*)
 *fill*         0x08011fe8        0x8 00
 .rodata.vmt    0x08011ff0       0x24 build/obj/serial.o
 *fill*         0x08012014        0xc 00
 .rodata.default_mac_address
                0x08012020        0x8 build/obj/mac_lld.o
 *fill*         0x08012028        0x8 00
 .rodata.pal_default_config
                0x08012030       0xfc build/obj/board.o
                0x08012030                pal_default_config
 *fill*         0x0801212c        0x4 00
 .rodata.mac_config.6905
                0x08012130        0x4 build/obj/lwipthread.o
 *fill*         0x08012134        0xc 00
 .rodata.ethbroadcast
                0x08012140        0x8 build/obj/etharp.o
                0x08012140                ethbroadcast
 *fill*         0x08012148        0x8 00
 .rodata.ethzero
                0x08012150        0x8 build/obj/etharp.o
                0x08012150                ethzero
 *fill*         0x08012158        0x8 00
 .rodata.memp_sizes
                0x08012160       0x1c build/obj/memp.o
 *fill*         0x0801217c        0x4 00
 .rodata.memp_num
                0x08012180       0x1c build/obj/memp.o
 *fill*         0x0801219c        0x4 00
 .rodata.tcp_backoff
                0x080121a0       0x10 build/obj/tcp.o
                0x080121a0                tcp_backoff
 .rodata.tcp_persist_backoff
                0x080121b0        0x8 build/obj/tcp.o
                0x080121b0                tcp_persist_backoff
 *fill*         0x080121b8        0x8 00
 .rodata.tcp_pcb_lists
                0x080121c0       0x10 build/obj/tcp.o
                0x080121c0                tcp_pcb_lists
 .rodata.http_html_hdr
                0x080121d0       0x30 build/obj/web.o
 .rodata.http_index_html
                0x08012200       0x88 build/obj/web.o
 *(.glue_7t)
 .glue_7t       0x00000000        0x0 linker stubs
 *(.glue_7)
 .glue_7        0x00000000        0x0 linker stubs
 *(.gcc*)

.vfp11_veneer   0x08012288        0x0
 .vfp11_veneer  0x00000000        0x0 linker stubs

.v4_bx          0x08012288        0x0
 .v4_bx         0x00000000        0x0 linker stubs

.ARM.extab
 *(.ARM.extab* .gnu.linkonce.armextab.*)

.ARM.exidx      0x08012288        0x0
                0x08012288                PROVIDE (__exidx_start, .)
 *(.ARM.exidx* .gnu.linkonce.armexidx.*)
                0x08012288                PROVIDE (__exidx_end, .)

.eh_frame_hdr
 *(.eh_frame_hdr)

.eh_frame
 *(.eh_frame)

.textalign      0x08012288        0x0
                0x08012288                . = ALIGN (0x8)
                0x08012288                _etext = .
                0x08012288                _textdata = _etext

.stacks         0x20000000      0x800
                0x20000000                . = ALIGN (0x8)
                0x20000000                __main_stack_base__ = .
                0x20000400                . = (. + __main_stack_size__)
 *fill*         0x20000000      0x400 00
                0x20000400                . = ALIGN (0x8)
                0x20000400                __main_stack_end__ = .
                0x20000400                __process_stack_base__ = .
                0x20000400                __main_thread_stack_base__ = .
                0x20000800                . = (. + __process_stack_size__)
 *fill*         0x20000400      0x400 00
                0x20000800                . = ALIGN (0x8)
                0x20000800                __process_stack_end__ = .
                0x20000800                __main_thread_stack_end__ = .

.data           0x20000800        0x8 load address 0x08012288
                0x20000800                . = ALIGN (0x4)
                0x20000800                PROVIDE (_data, .)
 *(.data)
                0x20000800                . = ALIGN (0x4)
 *(.data.*)
 .data.iss.5946
                0x20000800        0x4 build/obj/tcp.o
 .data.port.5810
                0x20000804        0x2 build/obj/tcp.o
                0x20000808                . = ALIGN (0x4)
 *fill*         0x20000806        0x2 00
 *(.ramtext)
                0x20000808                . = ALIGN (0x4)
                0x20000808                PROVIDE (_edata, .)

.bss            0x20000808     0x6d98 load address 0x08012290
                0x20000808                . = ALIGN (0x4)
                0x20000808                PROVIDE (_bss_start, .)
 *(.bss)
                0x20000808                . = ALIGN (0x4)
 *(.bss.*)
 .bss._idle_thread_wa
                0x20000808       0xc0 build/obj/chsys.o
                0x20000808                _idle_thread_wa
 .bss.mainthread.4684
                0x200008c8       0x4c build/obj/chsys.o
 .bss.dbg_isr_cnt
                0x20000914        0x4 build/obj/chdebug.o
                0x20000914                dbg_isr_cnt
 .bss.dbg_lock_cnt
                0x20000918        0x4 build/obj/chdebug.o
                0x20000918                dbg_lock_cnt
 .bss.dbg_trace_buffer
                0x2000091c      0x408 build/obj/chdebug.o
                0x2000091c                dbg_trace_buffer
 .bss.dbg_panic_msg
                0x20000d24        0x4 build/obj/chdebug.o
                0x20000d24                dbg_panic_msg
 .bss.vtlist    0x20000d28       0x10 build/obj/chvt.o
                0x20000d28                vtlist
 .bss.rlist     0x20000d38       0x1c build/obj/chschd.o
                0x20000d38                rlist
 .bss.nextmem   0x20000d54        0x4 build/obj/chmemcore.o
 .bss.endmem    0x20000d58        0x4 build/obj/chmemcore.o
 *fill*         0x20000d5c        0x4 00
 .bss.default_heap
                0x20000d60       0x20 build/obj/chheap.o
 .bss.measurement_offset
                0x20000d80        0x4 build/obj/tm.o
 .bss.ETHD1     0x20000d84       0x34 build/obj/mac_lld.o
                0x20000d84                ETHD1
 .bss.rd        0x20000db8       0x40 build/obj/mac_lld.o
 .bss.td        0x20000df8       0x20 build/obj/mac_lld.o
 .bss.rb        0x20000e18     0x17d0 build/obj/mac_lld.o
 .bss.tb        0x200025e8      0xbe8 build/obj/mac_lld.o
 .bss.SD1       0x200031d0       0x7c build/obj/serial_lld.o
                0x200031d0                SD1
 *fill*         0x2000324c        0x4 00
 .bss.wa_lwip_thread
                0x20003250      0x2b0 build/obj/lwipthread.o
                0x20003250                wa_lwip_thread
 .bss.thisif.6904
                0x20003500       0x30 build/obj/lwipthread.o
 .bss.arp_table
                0x20003530       0xa0 build/obj/etharp.o
 .bss.etharp_cached_entry
                0x200035d0        0x1 build/obj/etharp.o
 *fill*         0x200035d1        0x3 00
 .bss.ram_heap  0x200035d4      0x654 build/obj/mem.o
                0x200035d4                ram_heap
 .bss.ram       0x20003c28        0x4 build/obj/mem.o
 .bss.ram_end   0x20003c2c        0x4 build/obj/mem.o
 .bss.lfree     0x20003c30        0x4 build/obj/mem.o
 .bss.mem_mutex
                0x20003c34        0x4 build/obj/mem.o
 .bss.memp_tab  0x20003c38       0x38 build/obj/memp.o
 .bss.memp_memory
                0x20003c70     0x3170 build/obj/memp.o
 .bss.netif_list
                0x20006de0        0x4 build/obj/netif.o
                0x20006de0                netif_list
 .bss.netif_default
                0x20006de4        0x4 build/obj/netif.o
                0x20006de4                netif_default
 .bss.netifnum.5431
                0x20006de8        0x1 build/obj/netif.o
 .bss.pbuf_free_ooseq_queued
                0x20006de9        0x1 build/obj/pbuf.o
 *fill*         0x20006dea        0x2 00
 .bss.raw_pcbs  0x20006dec        0x4 build/obj/raw.o
 .bss.lwip_stats
                0x20006df0      0x150 build/obj/stats.o
                0x20006df0                lwip_stats
 .bss.tcp_ticks
                0x20006f40        0x4 build/obj/tcp.o
                0x20006f40                tcp_ticks
 .bss.tcp_bound_pcbs
                0x20006f44        0x4 build/obj/tcp.o
                0x20006f44                tcp_bound_pcbs
 .bss.tcp_listen_pcbs
                0x20006f48        0x4 build/obj/tcp.o
                0x20006f48                tcp_listen_pcbs
 .bss.tcp_active_pcbs
                0x20006f4c        0x4 build/obj/tcp.o
                0x20006f4c                tcp_active_pcbs
 .bss.tcp_tw_pcbs
                0x20006f50        0x4 build/obj/tcp.o
                0x20006f50                tcp_tw_pcbs
 .bss.tcp_tmp_pcb
                0x20006f54        0x4 build/obj/tcp.o
                0x20006f54                tcp_tmp_pcb
 .bss.tcp_timer
                0x20006f58        0x1 build/obj/tcp.o
 *fill*         0x20006f59        0x3 00
 .bss.inseg     0x20006f5c       0x10 build/obj/tcp_in.o
 .bss.tcphdr    0x20006f6c        0x4 build/obj/tcp_in.o
 .bss.iphdr     0x20006f70        0x4 build/obj/tcp_in.o
 .bss.seqno     0x20006f74        0x4 build/obj/tcp_in.o
 .bss.ackno     0x20006f78        0x4 build/obj/tcp_in.o
 .bss.flags     0x20006f7c        0x1 build/obj/tcp_in.o
 *fill*         0x20006f7d        0x1 00
 .bss.tcplen    0x20006f7e        0x2 build/obj/tcp_in.o
 .bss.recv_flags
                0x20006f80        0x1 build/obj/tcp_in.o
 *fill*         0x20006f81        0x3 00
 .bss.recv_data
                0x20006f84        0x4 build/obj/tcp_in.o
 .bss.tcp_input_pcb
                0x20006f88        0x4 build/obj/tcp_in.o
                0x20006f88                tcp_input_pcb
 .bss.udp_pcbs  0x20006f8c        0x4 build/obj/udp.o
                0x20006f8c                udp_pcbs
 .bss.current_netif
                0x20006f90        0x4 build/obj/ip.o
                0x20006f90                current_netif
 .bss.current_header
                0x20006f94        0x4 build/obj/ip.o
                0x20006f94                current_header
 .bss.current_iphdr_src
                0x20006f98        0x4 build/obj/ip.o
                0x20006f98                current_iphdr_src
 .bss.current_iphdr_dest
                0x20006f9c        0x4 build/obj/ip.o
                0x20006f9c                current_iphdr_dest
 .bss.ip_id     0x20006fa0        0x2 build/obj/ip.o
 *fill*         0x20006fa2        0x2 00
 .bss.reassdatagrams
                0x20006fa4        0x4 build/obj/ip_frag.o
 .bss.ip_reass_pbufcount
                0x20006fa8        0x2 build/obj/ip_frag.o
 *fill*         0x20006faa        0x2 00
 .bss.next_timeout
                0x20006fac        0x4 build/obj/timers.o
 .bss.tcpip_tcp_timer_active
                0x20006fb0        0x4 build/obj/timers.o
 .bss.tcpip_init_done
                0x20006fb4        0x4 build/obj/tcpip.o
 .bss.tcpip_init_done_arg
                0x20006fb8        0x4 build/obj/tcpip.o
 .bss.mbox      0x20006fbc        0x4 build/obj/tcpip.o
 .bss.wa_http_server
                0x20006fc0      0x4b0 build/obj/web.o
                0x20006fc0                wa_http_server
 .bss.waThread1
                0x20007470      0x130 build/obj/main.o
                0x200075a0                . = ALIGN (0x4)
 *(COMMON)
                0x200075a0                . = ALIGN (0x4)
                0x200075a0                PROVIDE (_bss_end, .)
                0x200075a0                PROVIDE (end, .)
                0x200075a0                _end = .
                0x200075a0                __heap_base__ = _end
                0x2001c000                __heap_end__ = __ram_end__
OUTPUT(build/ch.elf elf32-littlearm)

.debug_info     0x00000000    0x2ccb1
 .debug_info    0x00000000      0x317 build/obj/crt0.o
 .debug_info    0x00000317       0xb5 build/obj/vectors.o
 .debug_info    0x000003cc       0x8b build/obj/chcore.o
 .debug_info    0x00000457      0x80c build/obj/chcore_v7m.o
 .debug_info    0x00000c63      0x431 build/obj/nvic.o
 .debug_info    0x00001094      0x6a9 build/obj/chsys.o
 .debug_info    0x0000173d      0x840 build/obj/chdebug.o
 .debug_info    0x00001f7d       0x73 build/obj/chlists.o
 .debug_info    0x00001ff0      0x278 build/obj/chvt.o
 .debug_info    0x00002268      0x82d build/obj/chschd.o
 .debug_info    0x00002a95      0xa60 build/obj/chthreads.o
 .debug_info    0x000034f5      0x76b build/obj/chdynamic.o
 .debug_info    0x00003c60      0x68a build/obj/chregistry.o
 .debug_info    0x000042ea      0x8f6 build/obj/chsem.o
 .debug_info    0x00004be0      0x833 build/obj/chmtx.o
 .debug_info    0x00005413      0x7d8 build/obj/chcond.o
 .debug_info    0x00005beb      0xc0d build/obj/chevents.o
 .debug_info    0x000067f8      0x624 build/obj/chmsg.o
 .debug_info    0x00006e1c      0x898 build/obj/chmboxes.o
 .debug_info    0x000076b4      0xaaf build/obj/chqueues.o
 .debug_info    0x00008163      0x1d4 build/obj/chmemcore.o
 .debug_info    0x00008337      0x65c build/obj/chheap.o
 .debug_info    0x00008993      0x2ec build/obj/chmempools.o
 .debug_info    0x00008c7f      0xe61 build/obj/test.o
 .debug_info    0x00009ae0      0x7f9 build/obj/testthd.o
 .debug_info    0x0000a2d9      0x99b build/obj/testsem.o
 .debug_info    0x0000ac74      0xc94 build/obj/testmtx.o
 .debug_info    0x0000b908      0x5c7 build/obj/testmsg.o
 .debug_info    0x0000becf      0xc35 build/obj/testmbox.o
 .debug_info    0x0000cb04      0x918 build/obj/testevt.o
 .debug_info    0x0000d41c      0x699 build/obj/testheap.o
 .debug_info    0x0000dab5      0x24f build/obj/testpools.o
 .debug_info    0x0000dd04      0x91d build/obj/testdyn.o
 .debug_info    0x0000e621      0xe97 build/obj/testqueues.o
 .debug_info    0x0000f4b8      0xde8 build/obj/testbmk.o
 .debug_info    0x000102a0      0x325 build/obj/hal.o
 .debug_info    0x000105c5       0x9f build/obj/adc.o
 .debug_info    0x00010664       0x9f build/obj/can.o
 .debug_info    0x00010703       0x9f build/obj/ext.o
 .debug_info    0x000107a2       0x9f build/obj/gpt.o
 .debug_info    0x00010841       0x9f build/obj/i2c.o
 .debug_info    0x000108e0       0x9f build/obj/icu.o
 .debug_info    0x0001097f      0xae2 build/obj/mac.o
 .debug_info    0x00011461       0x9f build/obj/mmc_spi.o
 .debug_info    0x00011500       0x9f build/obj/mmcsd.o
 .debug_info    0x0001159f      0x2b1 build/obj/pal.o
 .debug_info    0x00011850       0x9f build/obj/pwm.o
 .debug_info    0x000118ef       0x9f build/obj/rtc.o
 .debug_info    0x0001198e       0x9f build/obj/sdc.o
 .debug_info    0x00011a2d      0xe24 build/obj/serial.o
 .debug_info    0x00012851       0x9f build/obj/serial_usb.o
 .debug_info    0x000128f0       0x9f build/obj/spi.o
 .debug_info    0x0001298f      0x27e build/obj/tm.o
 .debug_info    0x00012c0d       0x9f build/obj/uart.o
 .debug_info    0x00012cac       0x9f build/obj/usb.o
 .debug_info    0x00012d4b       0x9f build/obj/stm32_dma.o
 .debug_info    0x00012dea      0x4b9 build/obj/hal_lld.o
 .debug_info    0x000132a3       0x9f build/obj/adc_lld.o
 .debug_info    0x00013342       0x9f build/obj/ext_lld_isr.o
 .debug_info    0x000133e1       0x9f build/obj/can_lld.o
 .debug_info    0x00013480       0x9f build/obj/ext_lld.o
 .debug_info    0x0001351f       0x9f build/obj/gpt_lld.o
 .debug_info    0x000135be       0x9f build/obj/icu_lld.o
 .debug_info    0x0001365d     0x15c6 build/obj/mac_lld.o
 .debug_info    0x00014c23       0x9f build/obj/pwm_lld.o
 .debug_info    0x00014cc2       0x9f build/obj/sdc_lld.o
 .debug_info    0x00014d61     0x1074 build/obj/serial_lld.o
 .debug_info    0x00015dd5       0x9f build/obj/spi_lld.o
 .debug_info    0x00015e74      0x609 build/obj/pal_lld.o
 .debug_info    0x0001647d       0x9f build/obj/i2c_lld.o
 .debug_info    0x0001651c       0x9f build/obj/usb_lld.o
 .debug_info    0x000165bb       0x9f build/obj/rtc_lld.o
 .debug_info    0x0001665a       0x9f build/obj/uart_lld.o
 .debug_info    0x000166f9      0x1fa build/obj/board.o
 .debug_info    0x000168f3     0x109f build/obj/lwipthread.o
 .debug_info    0x00017992      0xd00 build/obj/sys_arch.o
 .debug_info    0x00018692      0xd9c build/obj/etharp.o
 .debug_info    0x0001942e       0x73 build/obj/dhcp.o
 .debug_info    0x000194a1       0x73 build/obj/dns.o
 .debug_info    0x00019514       0x8d build/obj/init.o
 .debug_info    0x000195a1      0x9cb build/obj/mem.o
 .debug_info    0x00019f6c      0x4d9 build/obj/memp.o
 .debug_info    0x0001a445      0xd2d build/obj/netif.o
 .debug_info    0x0001b172      0xfb0 build/obj/pbuf.o
 .debug_info    0x0001c122      0x7c5 build/obj/raw.o
 .debug_info    0x0001c8e7      0x343 build/obj/stats.o
 .debug_info    0x0001cc2a      0x4b8 build/obj/sys.o
 .debug_info    0x0001d0e2     0x17aa build/obj/tcp.o
 .debug_info    0x0001e88c     0x10fd build/obj/tcp_in.o
 .debug_info    0x0001f989     0x134b build/obj/tcp_out.o
 .debug_info    0x00020cd4      0xc23 build/obj/udp.o
 .debug_info    0x000218f7       0x73 build/obj/autoip.o
 .debug_info    0x0002196a      0x8cb build/obj/icmp.o
 .debug_info    0x00022235       0x73 build/obj/igmp.o
 .debug_info    0x000222a8       0x73 build/obj/inet.o
 .debug_info    0x0002231b      0x3e0 build/obj/inet_chksum.o
 .debug_info    0x000226fb      0x95d build/obj/ip.o
 .debug_info    0x00023058      0x5b4 build/obj/ip_addr.o
 .debug_info    0x0002360c      0xce6 build/obj/ip_frag.o
 .debug_info    0x000242f2      0x147 build/obj/def.o
 .debug_info    0x00024439      0xdd4 build/obj/timers.o
 .debug_info    0x0002520d     0x165b build/obj/api_lib.o
 .debug_info    0x00026868     0x1815 build/obj/api_msg.o
 .debug_info    0x0002807d       0x73 build/obj/err.o
 .debug_info    0x000280f0      0x444 build/obj/netbuf.o
 .debug_info    0x00028534       0x73 build/obj/netdb.o
 .debug_info    0x000285a7       0x73 build/obj/netifapi.o
 .debug_info    0x0002861a     0x2187 build/obj/sockets.o
 .debug_info    0x0002a7a1      0xf87 build/obj/tcpip.o
 .debug_info    0x0002b728      0x63b build/obj/evtimer.o
 .debug_info    0x0002bd63      0x8ff build/obj/web.o
 .debug_info    0x0002c662      0x64f build/obj/main.o

.debug_abbrev   0x00000000     0x7fa1
 .debug_abbrev  0x00000000       0xeb build/obj/crt0.o
 .debug_abbrev  0x000000eb       0x74 build/obj/vectors.o
 .debug_abbrev  0x0000015f       0x41 build/obj/chcore.o
 .debug_abbrev  0x000001a0      0x185 build/obj/chcore_v7m.o
 .debug_abbrev  0x00000325       0xec build/obj/nvic.o
 .debug_abbrev  0x00000411      0x170 build/obj/chsys.o
 .debug_abbrev  0x00000581      0x1c4 build/obj/chdebug.o
 .debug_abbrev  0x00000745       0x2a build/obj/chlists.o
 .debug_abbrev  0x0000076f      0x12e build/obj/chvt.o
 .debug_abbrev  0x0000089d      0x1fd build/obj/chschd.o
 .debug_abbrev  0x00000a9a      0x1e7 build/obj/chthreads.o
 .debug_abbrev  0x00000c81      0x177 build/obj/chdynamic.o
 .debug_abbrev  0x00000df8      0x148 build/obj/chregistry.o
 .debug_abbrev  0x00000f40      0x1c5 build/obj/chsem.o
 .debug_abbrev  0x00001105      0x1b6 build/obj/chmtx.o
 .debug_abbrev  0x000012bb      0x1bd build/obj/chcond.o
 .debug_abbrev  0x00001478      0x1a9 build/obj/chevents.o
 .debug_abbrev  0x00001621      0x168 build/obj/chmsg.o
 .debug_abbrev  0x00001789      0x1b5 build/obj/chmboxes.o
 .debug_abbrev  0x0000193e      0x1e4 build/obj/chqueues.o
 .debug_abbrev  0x00001b22       0xf0 build/obj/chmemcore.o
 .debug_abbrev  0x00001c12      0x178 build/obj/chheap.o
 .debug_abbrev  0x00001d8a      0x11b build/obj/chmempools.o
 .debug_abbrev  0x00001ea5      0x2cf build/obj/test.o
 .debug_abbrev  0x00002174      0x1aa build/obj/testthd.o
 .debug_abbrev  0x0000231e      0x1ea build/obj/testsem.o
 .debug_abbrev  0x00002508      0x238 build/obj/testmtx.o
 .debug_abbrev  0x00002740      0x164 build/obj/testmsg.o
 .debug_abbrev  0x000028a4      0x190 build/obj/testmbox.o
 .debug_abbrev  0x00002a34      0x1f1 build/obj/testevt.o
 .debug_abbrev  0x00002c25      0x19d build/obj/testheap.o
 .debug_abbrev  0x00002dc2      0x13b build/obj/testpools.o
 .debug_abbrev  0x00002efd      0x1d9 build/obj/testdyn.o
 .debug_abbrev  0x000030d6      0x1cd build/obj/testqueues.o
 .debug_abbrev  0x000032a3      0x262 build/obj/testbmk.o
 .debug_abbrev  0x00003505      0x120 build/obj/hal.o
 .debug_abbrev  0x00003625       0x4f build/obj/adc.o
 .debug_abbrev  0x00003674       0x4f build/obj/can.o
 .debug_abbrev  0x000036c3       0x4f build/obj/ext.o
 .debug_abbrev  0x00003712       0x4f build/obj/gpt.o
 .debug_abbrev  0x00003761       0x4f build/obj/i2c.o
 .debug_abbrev  0x000037b0       0x4f build/obj/icu.o
 .debug_abbrev  0x000037ff      0x1c0 build/obj/mac.o
 .debug_abbrev  0x000039bf       0x4f build/obj/mmc_spi.o
 .debug_abbrev  0x00003a0e       0x4f build/obj/mmcsd.o
 .debug_abbrev  0x00003a5d       0xed build/obj/pal.o
 .debug_abbrev  0x00003b4a       0x4f build/obj/pwm.o
 .debug_abbrev  0x00003b99       0x4f build/obj/rtc.o
 .debug_abbrev  0x00003be8       0x4f build/obj/sdc.o
 .debug_abbrev  0x00003c37      0x209 build/obj/serial.o
 .debug_abbrev  0x00003e40       0x4f build/obj/serial_usb.o
 .debug_abbrev  0x00003e8f       0x4f build/obj/spi.o
 .debug_abbrev  0x00003ede      0x10a build/obj/tm.o
 .debug_abbrev  0x00003fe8       0x4f build/obj/uart.o
 .debug_abbrev  0x00004037       0x4f build/obj/usb.o
 .debug_abbrev  0x00004086       0x4f build/obj/stm32_dma.o
 .debug_abbrev  0x000040d5       0xfb build/obj/hal_lld.o
 .debug_abbrev  0x000041d0       0x4f build/obj/adc_lld.o
 .debug_abbrev  0x0000421f       0x4f build/obj/ext_lld_isr.o
 .debug_abbrev  0x0000426e       0x4f build/obj/can_lld.o
 .debug_abbrev  0x000042bd       0x4f build/obj/ext_lld.o
 .debug_abbrev  0x0000430c       0x4f build/obj/gpt_lld.o
 .debug_abbrev  0x0000435b       0x4f build/obj/icu_lld.o
 .debug_abbrev  0x000043aa      0x260 build/obj/mac_lld.o
 .debug_abbrev  0x0000460a       0x4f build/obj/pwm_lld.o
 .debug_abbrev  0x00004659       0x4f build/obj/sdc_lld.o
 .debug_abbrev  0x000046a8      0x24a build/obj/serial_lld.o
 .debug_abbrev  0x000048f2       0x4f build/obj/spi_lld.o
 .debug_abbrev  0x00004941      0x152 build/obj/pal_lld.o
 .debug_abbrev  0x00004a93       0x4f build/obj/i2c_lld.o
 .debug_abbrev  0x00004ae2       0x4f build/obj/usb_lld.o
 .debug_abbrev  0x00004b31       0x4f build/obj/rtc_lld.o
 .debug_abbrev  0x00004b80       0x4f build/obj/uart_lld.o
 .debug_abbrev  0x00004bcf       0xbe build/obj/board.o
 .debug_abbrev  0x00004c8d      0x22a build/obj/lwipthread.o
 .debug_abbrev  0x00004eb7      0x1ab build/obj/sys_arch.o
 .debug_abbrev  0x00005062      0x1e7 build/obj/etharp.o
 .debug_abbrev  0x00005249       0x2a build/obj/dhcp.o
 .debug_abbrev  0x00005273       0x2a build/obj/dns.o
 .debug_abbrev  0x0000529d       0x41 build/obj/init.o
 .debug_abbrev  0x000052de      0x1e2 build/obj/mem.o
 .debug_abbrev  0x000054c0      0x149 build/obj/memp.o
 .debug_abbrev  0x00005609      0x232 build/obj/netif.o
 .debug_abbrev  0x0000583b      0x1df build/obj/pbuf.o
 .debug_abbrev  0x00005a1a      0x199 build/obj/raw.o
 .debug_abbrev  0x00005bb3       0xc3 build/obj/stats.o
 .debug_abbrev  0x00005c76      0x114 build/obj/sys.o
 .debug_abbrev  0x00005d8a      0x2c4 build/obj/tcp.o
 .debug_abbrev  0x0000604e      0x220 build/obj/tcp_in.o
 .debug_abbrev  0x0000626e      0x255 build/obj/tcp_out.o
 .debug_abbrev  0x000064c3      0x1bf build/obj/udp.o
 .debug_abbrev  0x00006682       0x2a build/obj/autoip.o
 .debug_abbrev  0x000066ac      0x1b5 build/obj/icmp.o
 .debug_abbrev  0x00006861       0x2a build/obj/igmp.o
 .debug_abbrev  0x0000688b       0x2a build/obj/inet.o
 .debug_abbrev  0x000068b5      0x126 build/obj/inet_chksum.o
 .debug_abbrev  0x000069db      0x18c build/obj/ip.o
 .debug_abbrev  0x00006b67      0x15c build/obj/ip_addr.o
 .debug_abbrev  0x00006cc3      0x1fe build/obj/ip_frag.o
 .debug_abbrev  0x00006ec1       0x78 build/obj/def.o
 .debug_abbrev  0x00006f39      0x1d1 build/obj/timers.o
 .debug_abbrev  0x0000710a      0x22b build/obj/api_lib.o
 .debug_abbrev  0x00007335      0x254 build/obj/api_msg.o
 .debug_abbrev  0x00007589       0x2a build/obj/err.o
 .debug_abbrev  0x000075b3      0x103 build/obj/netbuf.o
 .debug_abbrev  0x000076b6       0x2a build/obj/netdb.o
 .debug_abbrev  0x000076e0       0x2a build/obj/netifapi.o
 .debug_abbrev  0x0000770a      0x24f build/obj/sockets.o
 .debug_abbrev  0x00007959      0x212 build/obj/tcpip.o
 .debug_abbrev  0x00007b6b      0x14c build/obj/evtimer.o
 .debug_abbrev  0x00007cb7      0x194 build/obj/web.o
 .debug_abbrev  0x00007e4b      0x156 build/obj/main.o

.debug_loc      0x00000000     0x65ad
 .debug_loc     0x00000000       0x20 build/obj/crt0.o
 .debug_loc     0x00000020       0xb8 build/obj/chcore_v7m.o
 .debug_loc     0x000000d8       0x84 build/obj/nvic.o
 .debug_loc     0x0000015c       0x78 build/obj/chsys.o
 .debug_loc     0x000001d4      0x1ac build/obj/chdebug.o
 .debug_loc     0x00000380       0x78 build/obj/chvt.o
 .debug_loc     0x000003f8      0x1b4 build/obj/chschd.o
 .debug_loc     0x000005ac      0x238 build/obj/chthreads.o
 .debug_loc     0x000007e4       0xb0 build/obj/chdynamic.o
 .debug_loc     0x00000894       0x58 build/obj/chregistry.o
 .debug_loc     0x000008ec      0x244 build/obj/chsem.o
 .debug_loc     0x00000b30      0x1c0 build/obj/chmtx.o
 .debug_loc     0x00000cf0      0x1cc build/obj/chcond.o
 .debug_loc     0x00000ebc      0x294 build/obj/chevents.o
 .debug_loc     0x00001150       0xc4 build/obj/chmsg.o
 .debug_loc     0x00001214      0x1e4 build/obj/chmboxes.o
 .debug_loc     0x000013f8      0x20c build/obj/chqueues.o
 .debug_loc     0x00001604       0x58 build/obj/chmemcore.o
 .debug_loc     0x0000165c       0xd0 build/obj/chheap.o
 .debug_loc     0x0000172c      0x108 build/obj/chmempools.o
 .debug_loc     0x00001834      0x2e8 build/obj/test.o
 .debug_loc     0x00001b1c       0xdc build/obj/testthd.o
 .debug_loc     0x00001bf8      0x1c0 build/obj/testsem.o
 .debug_loc     0x00001db8      0x4c8 build/obj/testmtx.o
 .debug_loc     0x00002280       0x58 build/obj/testmsg.o
 .debug_loc     0x000022d8       0x4c build/obj/testmbox.o
 .debug_loc     0x00002324      0x1c0 build/obj/testevt.o
 .debug_loc     0x000024e4       0x4c build/obj/testheap.o
 .debug_loc     0x00002530       0x6c build/obj/testpools.o
 .debug_loc     0x0000259c      0x13c build/obj/testdyn.o
 .debug_loc     0x000026d8      0x128 build/obj/testqueues.o
 .debug_loc     0x00002800      0x3ac build/obj/testbmk.o
 .debug_loc     0x00002bac       0x6c build/obj/hal.o
 .debug_loc     0x00002c18      0x180 build/obj/mac.o
 .debug_loc     0x00002d98       0x84 build/obj/pal.o
 .debug_loc     0x00002e1c      0x288 build/obj/serial.o
 .debug_loc     0x000030a4       0x8c build/obj/tm.o
 .debug_loc     0x00003130       0x20 build/obj/hal_lld.o
 .debug_loc     0x00003150      0x244 build/obj/mac_lld.o
 .debug_loc     0x00003394      0x150 build/obj/serial_lld.o
 .debug_loc     0x000034e4       0x6c build/obj/pal_lld.o
 .debug_loc     0x00003550       0x20 build/obj/board.o
 .debug_loc     0x00003570       0xd1 build/obj/lwipthread.o
 .debug_loc     0x00003641      0x2b0 build/obj/sys_arch.o
 .debug_loc     0x000038f1      0x210 build/obj/etharp.o
 .debug_loc     0x00003b01       0x20 build/obj/init.o
 .debug_loc     0x00003b21      0x108 build/obj/mem.o
 .debug_loc     0x00003c29       0x78 build/obj/memp.o
 .debug_loc     0x00003ca1      0x1c8 build/obj/netif.o
 .debug_loc     0x00003e69      0x34c build/obj/pbuf.o
 .debug_loc     0x000041b5      0x13c build/obj/raw.o
 .debug_loc     0x000042f1       0x2c build/obj/sys.o
 .debug_loc     0x0000431d      0x548 build/obj/tcp.o
 .debug_loc     0x00004865      0x135 build/obj/tcp_in.o
 .debug_loc     0x0000499a      0x2c1 build/obj/tcp_out.o
 .debug_loc     0x00004c5b      0x1a0 build/obj/udp.o
 .debug_loc     0x00004dfb       0xb0 build/obj/icmp.o
 .debug_loc     0x00004eab       0xd0 build/obj/inet_chksum.o
 .debug_loc     0x00004f7b       0xa4 build/obj/ip.o
 .debug_loc     0x0000501f       0xf0 build/obj/ip_addr.o
 .debug_loc     0x0000510f      0x1d9 build/obj/ip_frag.o
 .debug_loc     0x000052e8       0x98 build/obj/def.o
 .debug_loc     0x00005380      0x148 build/obj/timers.o
 .debug_loc     0x000054c8      0x318 build/obj/api_lib.o
 .debug_loc     0x000057e0      0x478 build/obj/api_msg.o
 .debug_loc     0x00005c58      0x18c build/obj/netbuf.o
 .debug_loc     0x00005de4      0x4dd build/obj/sockets.o
 .debug_loc     0x000062c1      0x1b8 build/obj/tcpip.o
 .debug_loc     0x00006479       0x84 build/obj/evtimer.o
 .debug_loc     0x000064fd       0x58 build/obj/web.o
 .debug_loc     0x00006555       0x58 build/obj/main.o

.debug_aranges  0x00000000     0x1b48
 .debug_aranges
                0x00000000       0x40 build/obj/crt0.o
 .debug_aranges
                0x00000040       0x20 build/obj/vectors.o
 .debug_aranges
                0x00000060       0x20 build/obj/chcore.o
 .debug_aranges
                0x00000080       0x50 build/obj/chcore_v7m.o
 .debug_aranges
                0x000000d0       0x30 build/obj/nvic.o
 .debug_aranges
                0x00000100       0x30 build/obj/chsys.o
 .debug_aranges
                0x00000130       0x88 build/obj/chdebug.o
 .debug_aranges
                0x000001b8       0x38 build/obj/chvt.o
 .debug_aranges
                0x000001f0       0x78 build/obj/chschd.o
 .debug_aranges
                0x00000268       0x88 build/obj/chthreads.o
 .debug_aranges
                0x000002f0       0x38 build/obj/chdynamic.o
 .debug_aranges
                0x00000328       0x28 build/obj/chregistry.o
 .debug_aranges
                0x00000350       0x88 build/obj/chsem.o
 .debug_aranges
                0x000003d8       0x70 build/obj/chmtx.o
 .debug_aranges
                0x00000448       0x70 build/obj/chcond.o
 .debug_aranges
                0x000004b8       0x90 build/obj/chevents.o
 .debug_aranges
                0x00000548       0x40 build/obj/chmsg.o
 .debug_aranges
                0x00000588       0x70 build/obj/chmboxes.o
 .debug_aranges
                0x000005f8       0x80 build/obj/chqueues.o
 .debug_aranges
                0x00000678       0x38 build/obj/chmemcore.o
 .debug_aranges
                0x000006b0       0x40 build/obj/chheap.o
 .debug_aranges
                0x000006f0       0x48 build/obj/chmempools.o
 .debug_aranges
                0x00000738       0xb0 build/obj/test.o
 .debug_aranges
                0x000007e8       0x40 build/obj/testthd.o
 .debug_aranges
                0x00000828       0x70 build/obj/testsem.o
 .debug_aranges
                0x00000898      0x108 build/obj/testmtx.o
 .debug_aranges
                0x000009a0       0x28 build/obj/testmsg.o
 .debug_aranges
                0x000009c8       0x28 build/obj/testmbox.o
 .debug_aranges
                0x000009f0       0x70 build/obj/testevt.o
 .debug_aranges
                0x00000a60       0x28 build/obj/testheap.o
 .debug_aranges
                0x00000a88       0x30 build/obj/testpools.o
 .debug_aranges
                0x00000ab8       0x58 build/obj/testdyn.o
 .debug_aranges
                0x00000b10       0x50 build/obj/testqueues.o
 .debug_aranges
                0x00000b60       0xd0 build/obj/testbmk.o
 .debug_aranges
                0x00000c30       0x30 build/obj/hal.o
 .debug_aranges
                0x00000c60       0x60 build/obj/mac.o
 .debug_aranges
                0x00000cc0       0x30 build/obj/pal.o
 .debug_aranges
                0x00000cf0       0x90 build/obj/serial.o
 .debug_aranges
                0x00000d80       0x38 build/obj/tm.o
 .debug_aranges
                0x00000db8       0x30 build/obj/hal_lld.o
 .debug_aranges
                0x00000de8       0x88 build/obj/mac_lld.o
 .debug_aranges
                0x00000e70       0x60 build/obj/serial_lld.o
 .debug_aranges
                0x00000ed0       0x30 build/obj/pal_lld.o
 .debug_aranges
                0x00000f00       0x28 build/obj/board.o
 .debug_aranges
                0x00000f28       0x40 build/obj/lwipthread.o
 .debug_aranges
                0x00000f68       0xa8 build/obj/sys_arch.o
 .debug_aranges
                0x00001010       0x78 build/obj/etharp.o
 .debug_aranges
                0x00001088       0x20 build/obj/init.o
 .debug_aranges
                0x000010a8       0x48 build/obj/mem.o
 .debug_aranges
                0x000010f0       0x30 build/obj/memp.o
 .debug_aranges
                0x00001120       0x80 build/obj/netif.o
 .debug_aranges
                0x000011a0       0xb8 build/obj/pbuf.o
 .debug_aranges
                0x00001258       0x58 build/obj/raw.o
 .debug_aranges
                0x000012b0       0x20 build/obj/stats.o
 .debug_aranges
                0x000012d0       0x20 build/obj/sys.o
 .debug_aranges
                0x000012f0      0x130 build/obj/tcp.o
 .debug_aranges
                0x00001420       0x50 build/obj/tcp_in.o
 .debug_aranges
                0x00001470       0x98 build/obj/tcp_out.o
 .debug_aranges
                0x00001508       0x68 build/obj/udp.o
 .debug_aranges
                0x00001570       0x38 build/obj/icmp.o
 .debug_aranges
                0x000015a8       0x40 build/obj/inet_chksum.o
 .debug_aranges
                0x000015e8       0x38 build/obj/ip.o
 .debug_aranges
                0x00001620       0x48 build/obj/ip_addr.o
 .debug_aranges
                0x00001668       0x70 build/obj/ip_frag.o
 .debug_aranges
                0x000016d8       0x38 build/obj/def.o
 .debug_aranges
                0x00001710       0x58 build/obj/timers.o
 .debug_aranges
                0x00001768       0xa8 build/obj/api_lib.o
 .debug_aranges
                0x00001810       0xe8 build/obj/api_msg.o
 .debug_aranges
                0x000018f8       0x60 build/obj/netbuf.o
 .debug_aranges
                0x00001958      0x108 build/obj/sockets.o
 .debug_aranges
                0x00001a60       0x68 build/obj/tcpip.o
 .debug_aranges
                0x00001ac8       0x30 build/obj/evtimer.o
 .debug_aranges
                0x00001af8       0x28 build/obj/web.o
 .debug_aranges
                0x00001b20       0x28 build/obj/main.o

.debug_ranges   0x00000000     0x1750
 .debug_ranges  0x00000000       0x30 build/obj/crt0.o
 .debug_ranges  0x00000030       0x10 build/obj/vectors.o
 .debug_ranges  0x00000040       0x10 build/obj/chcore.o
 .debug_ranges  0x00000050       0x40 build/obj/chcore_v7m.o
 .debug_ranges  0x00000090       0x20 build/obj/nvic.o
 .debug_ranges  0x000000b0       0x20 build/obj/chsys.o
 .debug_ranges  0x000000d0       0x78 build/obj/chdebug.o
 .debug_ranges  0x00000148       0x28 build/obj/chvt.o
 .debug_ranges  0x00000170       0x68 build/obj/chschd.o
 .debug_ranges  0x000001d8       0x78 build/obj/chthreads.o
 .debug_ranges  0x00000250       0x28 build/obj/chdynamic.o
 .debug_ranges  0x00000278       0x18 build/obj/chregistry.o
 .debug_ranges  0x00000290       0x78 build/obj/chsem.o
 .debug_ranges  0x00000308       0x60 build/obj/chmtx.o
 .debug_ranges  0x00000368       0x60 build/obj/chcond.o
 .debug_ranges  0x000003c8       0x80 build/obj/chevents.o
 .debug_ranges  0x00000448       0x30 build/obj/chmsg.o
 .debug_ranges  0x00000478       0x60 build/obj/chmboxes.o
 .debug_ranges  0x000004d8       0x70 build/obj/chqueues.o
 .debug_ranges  0x00000548       0x28 build/obj/chmemcore.o
 .debug_ranges  0x00000570       0x30 build/obj/chheap.o
 .debug_ranges  0x000005a0       0x38 build/obj/chmempools.o
 .debug_ranges  0x000005d8       0xa0 build/obj/test.o
 .debug_ranges  0x00000678       0x30 build/obj/testthd.o
 .debug_ranges  0x000006a8       0x60 build/obj/testsem.o
 .debug_ranges  0x00000708       0xf8 build/obj/testmtx.o
 .debug_ranges  0x00000800       0x18 build/obj/testmsg.o
 .debug_ranges  0x00000818       0x18 build/obj/testmbox.o
 .debug_ranges  0x00000830       0x60 build/obj/testevt.o
 .debug_ranges  0x00000890       0x18 build/obj/testheap.o
 .debug_ranges  0x000008a8       0x20 build/obj/testpools.o
 .debug_ranges  0x000008c8       0x48 build/obj/testdyn.o
 .debug_ranges  0x00000910       0x40 build/obj/testqueues.o
 .debug_ranges  0x00000950       0xc0 build/obj/testbmk.o
 .debug_ranges  0x00000a10       0x20 build/obj/hal.o
 .debug_ranges  0x00000a30       0x50 build/obj/mac.o
 .debug_ranges  0x00000a80       0x20 build/obj/pal.o
 .debug_ranges  0x00000aa0       0x80 build/obj/serial.o
 .debug_ranges  0x00000b20       0x28 build/obj/tm.o
 .debug_ranges  0x00000b48       0x20 build/obj/hal_lld.o
 .debug_ranges  0x00000b68       0x78 build/obj/mac_lld.o
 .debug_ranges  0x00000be0       0x50 build/obj/serial_lld.o
 .debug_ranges  0x00000c30       0x20 build/obj/pal_lld.o
 .debug_ranges  0x00000c50       0x18 build/obj/board.o
 .debug_ranges  0x00000c68       0x30 build/obj/lwipthread.o
 .debug_ranges  0x00000c98       0x98 build/obj/sys_arch.o
 .debug_ranges  0x00000d30       0x68 build/obj/etharp.o
 .debug_ranges  0x00000d98       0x10 build/obj/init.o
 .debug_ranges  0x00000da8       0x38 build/obj/mem.o
 .debug_ranges  0x00000de0       0x20 build/obj/memp.o
 .debug_ranges  0x00000e00       0x88 build/obj/netif.o
 .debug_ranges  0x00000e88       0xa8 build/obj/pbuf.o
 .debug_ranges  0x00000f30       0x48 build/obj/raw.o
 .debug_ranges  0x00000f78       0x10 build/obj/stats.o
 .debug_ranges  0x00000f88       0x10 build/obj/sys.o
 .debug_ranges  0x00000f98      0x120 build/obj/tcp.o
 .debug_ranges  0x000010b8       0x40 build/obj/tcp_in.o
 .debug_ranges  0x000010f8       0xe8 build/obj/tcp_out.o
 .debug_ranges  0x000011e0       0x58 build/obj/udp.o
 .debug_ranges  0x00001238       0x40 build/obj/icmp.o
 .debug_ranges  0x00001278       0x30 build/obj/inet_chksum.o
 .debug_ranges  0x000012a8       0x28 build/obj/ip.o
 .debug_ranges  0x000012d0       0x38 build/obj/ip_addr.o
 .debug_ranges  0x00001308       0x60 build/obj/ip_frag.o
 .debug_ranges  0x00001368       0x28 build/obj/def.o
 .debug_ranges  0x00001390       0x48 build/obj/timers.o
 .debug_ranges  0x000013d8       0x98 build/obj/api_lib.o
 .debug_ranges  0x00001470       0xf0 build/obj/api_msg.o
 .debug_ranges  0x00001560       0x50 build/obj/netbuf.o
 .debug_ranges  0x000015b0       0xf8 build/obj/sockets.o
 .debug_ranges  0x000016a8       0x58 build/obj/tcpip.o
 .debug_ranges  0x00001700       0x20 build/obj/evtimer.o
 .debug_ranges  0x00001720       0x18 build/obj/web.o
 .debug_ranges  0x00001738       0x18 build/obj/main.o

.debug_line     0x00000000    0x108af
 .debug_line    0x00000000      0x15d build/obj/crt0.o
 .debug_line    0x0000015d       0x63 build/obj/vectors.o
 .debug_line    0x000001c0       0x58 build/obj/chcore.o
 .debug_line    0x00000218      0x21b build/obj/chcore_v7m.o
 .debug_line    0x00000433      0x123 build/obj/nvic.o
 .debug_line    0x00000556      0x1be build/obj/chsys.o
 .debug_line    0x00000714      0x2ce build/obj/chdebug.o
 .debug_line    0x000009e2       0x1d build/obj/chlists.o
 .debug_line    0x000009ff      0x1bf build/obj/chvt.o
 .debug_line    0x00000bbe      0x2f9 build/obj/chschd.o
 .debug_line    0x00000eb7      0x38d build/obj/chthreads.o
 .debug_line    0x00001244      0x271 build/obj/chdynamic.o
 .debug_line    0x000014b5      0x212 build/obj/chregistry.o
 .debug_line    0x000016c7      0x3ca build/obj/chsem.o
 .debug_line    0x00001a91      0x308 build/obj/chmtx.o
 .debug_line    0x00001d99      0x2be build/obj/chcond.o
 .debug_line    0x00002057      0x335 build/obj/chevents.o
 .debug_line    0x0000238c      0x1e1 build/obj/chmsg.o
 .debug_line    0x0000256d      0x2ba build/obj/chmboxes.o
 .debug_line    0x00002827      0x393 build/obj/chqueues.o
 .debug_line    0x00002bba      0x199 build/obj/chmemcore.o
 .debug_line    0x00002d53      0x2ba build/obj/chheap.o
 .debug_line    0x0000300d      0x235 build/obj/chmempools.o
 .debug_line    0x00003242      0x4fb build/obj/test.o
 .debug_line    0x0000373d      0x1fa build/obj/testthd.o
 .debug_line    0x00003937      0x2c7 build/obj/testsem.o
 .debug_line    0x00003bfe      0x464 build/obj/testmtx.o
 .debug_line    0x00004062      0x187 build/obj/testmsg.o
 .debug_line    0x000041e9      0x2f8 build/obj/testmbox.o
 .debug_line    0x000044e1      0x27d build/obj/testevt.o
 .debug_line    0x0000475e      0x247 build/obj/testheap.o
 .debug_line    0x000049a5      0x153 build/obj/testpools.o
 .debug_line    0x00004af8      0x32e build/obj/testdyn.o
 .debug_line    0x00004e26      0x49a build/obj/testqueues.o
 .debug_line    0x000052c0      0x597 build/obj/testbmk.o
 .debug_line    0x00005857      0x21e build/obj/hal.o
 .debug_line    0x00005a75       0xe7 build/obj/adc.o
 .debug_line    0x00005b5c       0xe7 build/obj/can.o
 .debug_line    0x00005c43       0xe7 build/obj/ext.o
 .debug_line    0x00005d2a       0xe7 build/obj/gpt.o
 .debug_line    0x00005e11       0xe7 build/obj/i2c.o
 .debug_line    0x00005ef8       0xe7 build/obj/icu.o
 .debug_line    0x00005fdf      0x3b4 build/obj/mac.o
 .debug_line    0x00006393       0xe7 build/obj/mmc_spi.o
 .debug_line    0x0000647a       0xe7 build/obj/mmcsd.o
 .debug_line    0x00006561      0x1ae build/obj/pal.o
 .debug_line    0x0000670f       0xe7 build/obj/pwm.o
 .debug_line    0x000067f6       0xe7 build/obj/rtc.o
 .debug_line    0x000068dd       0xe7 build/obj/sdc.o
 .debug_line    0x000069c4      0x3f8 build/obj/serial.o
 .debug_line    0x00006dbc       0xe7 build/obj/serial_usb.o
 .debug_line    0x00006ea3       0xe7 build/obj/spi.o
 .debug_line    0x00006f8a      0x1c6 build/obj/tm.o
 .debug_line    0x00007150       0xe7 build/obj/uart.o
 .debug_line    0x00007237       0xe7 build/obj/usb.o
 .debug_line    0x0000731e       0xe7 build/obj/stm32_dma.o
 .debug_line    0x00007405      0x1d3 build/obj/hal_lld.o
 .debug_line    0x000075d8       0xe7 build/obj/adc_lld.o
 .debug_line    0x000076bf       0xe7 build/obj/ext_lld_isr.o
 .debug_line    0x000077a6       0xe7 build/obj/can_lld.o
 .debug_line    0x0000788d       0xe7 build/obj/ext_lld.o
 .debug_line    0x00007974       0xe7 build/obj/gpt_lld.o
 .debug_line    0x00007a5b       0xe7 build/obj/icu_lld.o
 .debug_line    0x00007b42      0x4bb build/obj/mac_lld.o
 .debug_line    0x00007ffd       0xe7 build/obj/pwm_lld.o
 .debug_line    0x000080e4       0xe7 build/obj/sdc_lld.o